node : [0m[7m[1m[31m FAIL [39m[22m[27m[0m 
[2mcommon/ux/Table/tests/[22m[1mTables.spec.tsx[22m ([0m[1m[41m14.113 
s[49m[22m[0m)
At line:1 char:1
+ node node_modules/jest/bin/jest.js --testPathPattern "Table/tests/Tab ...
+ ~~~~~~~~~~~~~~~~~~~~~~~~~~~~~~~~~~~~~~~~~~~~~~~~~~~~~~~~~~~~~~~~~~~~~
    + CategoryInfo          : NotSpecified: ([0m[7m[1m[3...[49m[22m[0m) 
   :String) [], RemoteException
    + FullyQualifiedErrorId : NativeCommandError
 
  Table ÔÇö Fundamentals
    Title
      [32mÔêÜ[39m [2mrenders a heading when title is provided (73 ms)[22m
      [32mÔêÜ[39m [2mdoes not render a heading when title is omitted (5 
ms)[22m
      [32mÔêÜ[39m [2mdoes not render header section when no title, 
description, onInfo, filtering, or download (6 ms)[22m
    Description
      [32mÔêÜ[39m [2mrenders description text (8 ms)[22m
      [32mÔêÜ[39m [2mrenders description as ReactNode (7 ms)[22m
      [32mÔêÜ[39m [2mdoes not render description when omitted (7 ms)[22m
    Info button
      [32mÔêÜ[39m [2mrenders info button when onInfo is provided (20 
ms)[22m
      [32mÔêÜ[39m [2mcalls onInfo when clicked (72 ms)[22m
    Legend
      [32mÔêÜ[39m [2mrenders legend content below the header (8 ms)[22m
      [32mÔêÜ[39m [2mdoes not render legend wrapper when omitted (4 ms)[22m
    Empty state
      [32mÔêÜ[39m [2mshows "No data" by default when data is empty (4 
ms)[22m
      [32mÔêÜ[39m [2mshows custom emptyState content (3 ms)[22m
      [32mÔêÜ[39m [2mshows custom emptyState as ReactNode (3 ms)[22m
      [32mÔêÜ[39m [2mempty state cell spans all columns (9 ms)[22m
      [32mÔêÜ[39m [2mempty state cell spans all columns including actions 
column (7 ms)[22m
      [32mÔêÜ[39m [2mempty state cell spans all columns including selection 
column (9 ms)[22m
      [32mÔêÜ[39m [2mdoes not show empty state when data has rows (4 
ms)[22m
    Basic data rendering
      [32mÔêÜ[39m [2mrenders correct number of body rows (16 ms)[22m
      [32mÔêÜ[39m [2mrenders column headers (6 ms)[22m
      [31m├ù[39m [2mrenders cell values from data (10 ms)[22m
      [32mÔêÜ[39m [2mrenders all data rows (8 ms)[22m
  Table ÔÇö Cell Rendering & Defaults
    Default cell rendering
      [32mÔêÜ[39m [2mrenders raw value when no cell function or 
defaultValue (2 ms)[22m
      [32mÔêÜ[39m [2mrenders dash "-" for empty string when no defaultValue 
(3 ms)[22m
      [32mÔêÜ[39m [2mrenders custom defaultValue for empty cells (4 ms)[22m
      [32mÔêÜ[39m [2mrenders custom defaultValue as ReactNode (4 ms)[22m
    Custom cell renderer
      [32mÔêÜ[39m [2mcalls cell function with value and meta (7 ms)[22m
      [32mÔêÜ[39m [2mcell function receives correct meta fields (5 ms)[22m
      [32mÔêÜ[39m [2mcell function receives context when provided (3 
ms)[22m
      [32mÔêÜ[39m [2mcustom cell overrides defaultValue even for empty 
cells (2 ms)[22m
    getCellContent utility
      [32mÔêÜ[39m [2mreturns raw value for non-empty cells without cell 
function[22m
      [32mÔêÜ[39m [2mreturns dash for empty string without defaultValue (1 
ms)[22m
      [32mÔêÜ[39m [2mreturns defaultValue for empty string (1 ms)[22m
      [32mÔêÜ[39m [2muses cell function when provided[22m
  Table ÔÇö Variants
    Static column variant
      [32mÔêÜ[39m [2mapplies variant class to cells in that column (3 
ms)[22m
      [32mÔêÜ[39m [2mapplies variant-primary class (3 ms)[22m
      [32mÔêÜ[39m [2mapplies variant-secondary class (2 ms)[22m
      [32mÔêÜ[39m [2mapplies variant-danger class (2 ms)[22m
      [32mÔêÜ[39m [2mapplies variant-disabled class (2 ms)[22m
    Function column variant
      [32mÔêÜ[39m [2mapplies variant class based on cell value (3 ms)[22m
      [32mÔêÜ[39m [2mapplies no variant class when function returns 
undefined (2 ms)[22m
    Row variant
      [32mÔêÜ[39m [2mapplies row variant to all cells in a row (2 ms)[22m
      [32mÔêÜ[39m [2mrow variant does not override column variant (column 
variant wins) (2 ms)[22m
      [32mÔêÜ[39m [2mfunction column variant takes priority over row 
variant (2 ms)[22m
      [32mÔêÜ[39m [2mrow variant undefined does not add variant class (2 
ms)[22m
  Table ÔÇö Actions
    Basic actions
      [32mÔêÜ[39m [2mrenders action column when actions are provided (14 
ms)[22m
      [32mÔêÜ[39m [2mdoes not render action column when no actions (3 
ms)[22m
      [32mÔêÜ[39m [2mrenders one action button per row (35 ms)[22m
    onClick action
      [32mÔêÜ[39m [2mcalls onClick with correct meta when action is clicked 
(192 ms)[22m
      [32mÔêÜ[39m [2mcloses dropdown after clicking an action (156 ms)[22m
    href action
      [32mÔêÜ[39m [2mnavigates to href computed from meta (141 ms)[22m
    filter action
      [32mÔêÜ[39m [2mhides action when filter returns false (78 ms)[22m
      [32mÔêÜ[39m [2mshows action when filter returns true (105 ms)[22m
    isDisabled action
      [32mÔêÜ[39m [2mdisables the action item when isDisabled returns true 
(62 ms)[22m
      [32mÔêÜ[39m [2mdoes not disable the action item when isDisabled 
returns false (75 ms)[22m
    isActionDisabled (column-level)
      [32mÔêÜ[39m [2mdisables entire action button when isActionDisabled 
returns true (12 ms)[22m
      [32mÔêÜ[39m [2mdoes not disable action button when isActionDisabled 
returns false (13 ms)[22m
    Action variants
      [32mÔêÜ[39m [2mapplies primary variant class to action item (85 
ms)[22m
      [32mÔêÜ[39m [2mapplies secondary variant class to action item (76 
ms)[22m
      [32mÔêÜ[39m [2mapplies danger variant class to action item (80 
ms)[22m
    Action menu toggle
      [32mÔêÜ[39m [2mopens the menu on click (55 ms)[22m
      [32mÔêÜ[39m [2mcloses the menu on second click (164 ms)[22m
      [32mÔêÜ[39m [2mrenders multiple actions in the dropdown (85 ms)[22m
      [32mÔêÜ[39m [2mrenders action icon when provided (70 ms)[22m
  Table ÔÇö Selection
    Multiple selection
      [32mÔêÜ[39m [2mrenders checkbox for every row (59 ms)[22m
      [32mÔêÜ[39m [2mrenders "Select all rows" header checkbox (19 ms)[22m
      [32mÔêÜ[39m [2mcalls onChange with row id when a row checkbox is 
clicked (78 ms)[22m
      [32mÔêÜ[39m [2mcalls onChange removing id when already selected row 
is deselected (77 ms)[22m
      [32mÔêÜ[39m [2mselect-all selects all rows (63 ms)[22m
      [32mÔêÜ[39m [2mselect-all deselects all when all are selected (77 
ms)[22m
      [32mÔêÜ[39m [2mselect-all checkbox is checked when all rows are 
selected (19 ms)[22m
      [32mÔêÜ[39m [2mselect-all checkbox is unchecked when not all rows are 
selected (16 ms)[22m
      [32mÔêÜ[39m [2mrow checkbox is checked when its id is in 
selectedRowIds (36 ms)[22m
      [32mÔêÜ[39m [2madds to existing selection when selecting another row 
(65 ms)[22m
    Single selection
      [32mÔêÜ[39m [2mdoes not render select-all checkbox (9 ms)[22m
      [32mÔêÜ[39m [2mselects only the clicked row (69 ms)[22m
      [32mÔêÜ[39m [2mdeselects the row when clicking already selected (60 
ms)[22m
    isRowSelectable
      [32mÔêÜ[39m [2mdisables checkbox for non-selectable rows (21 ms)[22m
      [32mÔêÜ[39m [2menables checkbox for selectable rows (30 ms)[22m
      [32mÔêÜ[39m [2mselect-all only selects selectable rows (59 ms)[22m
      [32mÔêÜ[39m [2mselect-all is disabled when no rows are selectable (18 
ms)[22m
    Selection selectors (unit)
      [32mÔêÜ[39m [2mgetSelectableRows returns all rows when no 
isRowSelectable[22m
      [32mÔêÜ[39m [2mgetSelectableRows filters based on isRowSelectable (1 
ms)[22m
      [32mÔêÜ[39m [2mgetSelectableIds returns ids of selectable rows (1 
ms)[22m
      [32mÔêÜ[39m [2mgetAllSelected returns true when all selectable rows 
are selected[22m
      [32mÔêÜ[39m [2mgetAllSelected returns false when not all selectable 
rows are selected[22m
      [32mÔêÜ[39m [2mgetAllSelected returns false when no rows are 
selectable[22m
  Table ÔÇö Sorting
    Sortable headers
      [32mÔêÜ[39m [2mrenders sort button for sortable columns (12 ms)[22m
      [32mÔêÜ[39m [2mdoes not render sort button for non-sortable columns 
(5 ms)[22m
      [32mÔêÜ[39m [2mrenders non-sortable column header as plain text (12 
ms)[22m
    Sort interactions
      [32mÔêÜ[39m [2mcalls onSortChange when a sortable header is clicked 
(71 ms)[22m
      [32mÔêÜ[39m [2mtoggles to desc when clicking the currently asc-sorted 
column (62 ms)[22m
      [32mÔêÜ[39m [2msorts asc when clicking a different column (64 ms)[22m
      [32mÔêÜ[39m [2msorts asc when clicking current column that is desc 
(74 ms)[22m
    Sort header styling classes
      [31m├ù[39m [2madds sorted and sorted-asc class to the active 
ascending column (109 ms)[22m
      [31m├ù[39m [2madds sorted and sorted-desc class for descending (94 
ms)[22m
      [31m├ù[39m [2mdoes not add sorted class to inactive sortable column 
(147 ms)[22m
    getNextSortDirection utility
      [32mÔêÜ[39m [2mreturns desc when current column is same and direction 
is asc[22m
      [32mÔêÜ[39m [2mreturns asc when current column is same and direction 
is desc (1 ms)[22m
      [32mÔêÜ[39m [2mreturns asc when target column is different[22m
      [32mÔêÜ[39m [2mreturns asc when target column is different and 
current is desc[22m
  Table ÔÇö Filtering
    Filter toggle
      [32mÔêÜ[39m [2mrenders filter button when filtering is provided (10 
ms)[22m
      [32mÔêÜ[39m [2mdoes not show filter panel initially (4 ms)[22m
      [32mÔêÜ[39m [2mshows filter panel after clicking toggle (72 ms)[22m
      [32mÔêÜ[39m [2mhides filter panel when toggled off (103 ms)[22m
      [32mÔêÜ[39m [2madds active class when filter panel is open (76 
ms)[22m
    Text filter input
      [32mÔêÜ[39m [2mrenders text input with label (63 ms)[22m
      [32mÔêÜ[39m [2mcalls onFilter with text value on input (199 ms)[22m
    Number filter input
      [32mÔêÜ[39m [2mrenders number input with min/max (61 ms)[22m
      [32mÔêÜ[39m [2mcalls onFilter with numeric value (140 ms)[22m
    Search filter input
      [32mÔêÜ[39m [2mrenders search input (62 ms)[22m
    Date filter input
      [32mÔêÜ[39m [2mrenders date input with min/max (63 ms)[22m
    Checkbox filter input
      [32mÔêÜ[39m [2mrenders checkbox input (61 ms)[22m
      [32mÔêÜ[39m [2mcalls onFilter with boolean value (124 ms)[22m
      [32mÔêÜ[39m [2mtoggles checkbox back to false (188 ms)[22m
    Option (select) filter input
      [32mÔêÜ[39m [2mrenders dropdown trigger with aria-label (76 ms)[22m
      [32mÔêÜ[39m [2mshows options including "All" when dropdown is opened 
(166 ms)[22m
    Multiple filter inputs combined
      [32mÔêÜ[39m [2mrenders all filter inputs in a single panel (56 
ms)[22m
      [32mÔêÜ[39m [2monFilter receives all current filter values (156 
ms)[22m
    Reset button
      [32mÔêÜ[39m [2mshows Reset button only when filter panel is open (74 
ms)[22m
      [32mÔêÜ[39m [2mresets filter values when Reset is clicked (263 
ms)[22m
  Table ÔÇö Pagination
    Basic rendering
      [32mÔêÜ[39m [2mrenders pagination navigation (8 ms)[22m
      [32mÔêÜ[39m [2mdoes not render pagination when prop is omitted (3 
ms)[22m
      [32mÔêÜ[39m [2mrenders page buttons for the window (48 ms)[22m
    Page navigation
      [32mÔêÜ[39m [2mcalls onPageChange with page number when page button 
is clicked (81 ms)[22m
      [32mÔêÜ[39m [2mcalls onPageChange(1) when First page is clicked (77 
ms)[22m
      [32mÔêÜ[39m [2mcalls onPageChange(page-1) when Previous page is 
clicked (76 ms)[22m
      [32mÔêÜ[39m [2mcalls onPageChange(page+1) when Next page is clicked 
(62 ms)[22m
      [32mÔêÜ[39m [2mcalls onPageChange(totalPages) when Last page is 
clicked (78 ms)[22m
    First/Last page disabled states
      [32mÔêÜ[39m [2mdisables First and Previous on page 1 (70 ms)[22m
      [32mÔêÜ[39m [2mdisables Next and Last on last page (56 ms)[22m
      [32mÔêÜ[39m [2mall nav buttons disabled when there is only one page 
(48 ms)[22m
    Current page highlighting
      [32mÔêÜ[39m [2mactive page button has "active" class (17 ms)[22m
      [32mÔêÜ[39m [2mnon-active page buttons do not have "active" class (32 
ms)[22m
    Total items info
      [32mÔêÜ[39m [2mshows item range and total when totalItems is provided 
(5 ms)[22m
      [32mÔêÜ[39m [2mdoes not show item info when totalItems is not 
provided (4 ms)[22m
      [32mÔêÜ[39m [2mcaps the end at totalItems on the last page (3 ms)[22m
    Pagination utilities
      [32mÔêÜ[39m [2mDEFAULT_PAGE_SIZE is 10[22m
      [32mÔêÜ[39m [2mDEFAULT_PAGE_SIZE_OPTIONS is [10, 25, 50, 100][22m
      getPageWindow
        [32mÔêÜ[39m [2mreturns all pages when totalPages <= 3 (1 ms)[22m
        [32mÔêÜ[39m [2mreturns first 3 pages when on first page (1 ms)[22m
        [32mÔêÜ[39m [2mreturns last 3 pages when on last page[22m
        [32mÔêÜ[39m [2mreturns centered window when in the middle (1 
ms)[22m
        [32mÔêÜ[39m [2mreturns first window when on page 2[22m
        [32mÔêÜ[39m [2mreturns last window when on second-to-last page[22m
      isFirstPage
        [32mÔêÜ[39m [2mreturns true for page 1 (1 ms)[22m
        [32mÔêÜ[39m [2mreturns true for page 0[22m
        [32mÔêÜ[39m [2mreturns false for page 2[22m
      isLastPage
        [32mÔêÜ[39m [2mreturns true when page equals totalPages[22m
        [32mÔêÜ[39m [2mreturns true when page exceeds totalPages[22m
        [32mÔêÜ[39m [2mreturns false when page is less than totalPages[22m
  Table ÔÇö Download
    Single download
      [32mÔêÜ[39m [2mrenders download button (11 ms)[22m
      [32mÔêÜ[39m [2mcalls onDownload with current data (67 ms)[22m
      [32mÔêÜ[39m [2mrenders label text when label is provided (4 ms)[22m
      [32mÔêÜ[39m [2mdoes not render label text when label is omitted (3 
ms)[22m
    Multi-format download
      [32mÔêÜ[39m [2mrenders dropdown trigger (9 ms)[22m
      [32mÔêÜ[39m [2mshows options when dropdown is opened (88 ms)[22m
      [32mÔêÜ[39m [2mcalls onDownload with selected format and data (128 
ms)[22m
    Download without title
      [32mÔêÜ[39m [2mrenders download button even without a title (8 
ms)[22m
  Table ÔÇö Responsive / Breakpoints
    Expand button
      [31m├ù[39m [2mrenders expand buttons when columns have breakpoints 
(99 ms)[22m
      [32mÔêÜ[39m [2mdoes not render expand buttons when no columns have 
breakpoints (2 ms)[22m
    Row expansion
      [31m├ù[39m [2mshows expanded row details after clicking expand (105 
ms)[22m
      [31m├ù[39m [2mexpanded row shows hidden column headers and values (48 
ms)[22m
      [31m├ù[39m [2mhides expanded row after clicking collapse (95 ms)[22m
      [31m├ù[39m [2mmultiple rows can be expanded simultaneously (121 
ms)[22m
    Breakpoint class on cells
      [31m├ù[39m [2madds breakpoint class to cells (3 ms)[22m
      [32mÔêÜ[39m [2madds breakpoint class to header (8 ms)[22m
  Table ÔÇö Utility Functions
    getTotalCols
      [32mÔêÜ[39m [2mreturns column count with no extras[22m
      [32mÔêÜ[39m [2madds 1 for breakpoints[22m
      [32mÔêÜ[39m [2madds 1 for actions (1 ms)[22m
      [32mÔêÜ[39m [2madds 1 for selection[22m
      [32mÔêÜ[39m [2madds all extras[22m
      [32mÔêÜ[39m [2mhandles zero columns[22m
  Table ÔÇö Combined Features
    [31m├ù[39m [2mrenders table with title, description, legend, data, 
actions, selection, sorting, filtering, download, and pagination (676 ms)[22m
    [32mÔêÜ[39m [2mselection works alongside actions ÔÇö selecting rows 
does not affect action menus (215 ms)[22m
    [32mÔêÜ[39m [2msorting and selection preserve selected state (55 
ms)[22m
    [32mÔêÜ[39m [2mfilter action hides actions only for matching rows in 
combined table (83 ms)[22m
    [32mÔêÜ[39m [2misActionDisabled disables entire menu when column 
condition is met (10 ms)[22m
    [31m├ù[39m [2mexpanded row shows hidden column with defaultValue when 
value is empty (48 ms)[22m
    [32mÔêÜ[39m [2mselection with isRowSelectable and actions work together 
(96 ms)[22m
    [32mÔêÜ[39m [2mrow variant + column variant + cell variant: column 
function variant wins (3 ms)[22m
    [32mÔêÜ[39m [2mdownload receives correct data even when pagination is 
used (61 ms)[22m
    [31m├ù[39m [2mcombined: sorting headers + selection header + expand + 
action column all render correctly (16 ms)[22m
    [32mÔêÜ[39m [2mfilter panel + pagination + sorting all visible 
simultaneously (90 ms)[22m
    [32mÔêÜ[39m [2mempty data with all features shows empty state and still 
renders header/pagination (15 ms)[22m

[1m[31m  [1mÔùÅ [22m[1mTable ÔÇö Fundamentals ÔÇ║ Basic data rendering 
ÔÇ║ renders cell values from data[39m[22m

    TestingLibraryElementError: Found multiple elements with the text: active

    Here are the matching elements:

    Ignored nodes: comments, script, style
    [36m<td[39m
      [33mclass[39m=[32m""[39m
    [36m>[39m
      [0mactive[0m
    [36m</td>[39m

    Ignored nodes: comments, script, style
    [36m<td[39m
      [33mclass[39m=[32m""[39m
    [36m>[39m
      [0mactive[0m
    [36m</td>[39m

    (If this is intentional, then use the `*AllBy*` variant of the query (like 
`queryAllByText`, `getAllByText`, or `findAllByText`)).

    Ignored nodes: comments, script, style
    [36m<body>[39m
      [36m<div>[39m
        [36m<div[39m
          [33maria-label[39m=[32m"test"[39m
          [33mclass[39m=[32m"table-container "[39m
          [33mrole[39m=[32m"region"[39m
        [36m>[39m
          [36m<table>[39m
            [36m<thead>[39m
              [36m<tr>[39m
                [36m<th[39m
                  [33mclass[39m=[32m""[39m
                  [33mscope[39m=[32m"col"[39m
                [36m>[39m
                  [0mName[0m
                [36m</th>[39m
                [36m<th[39m
                  [33mclass[39m=[32m""[39m
                  [33mscope[39m=[32m"col"[39m
                [36m>[39m
                  [0mValue[0m
                [36m</th>[39m
                [36m<th[39m
                  [33mclass[39m=[32m""[39m
                  [33mscope[39m=[32m"col"[39m
                [36m>[39m
                  [0mStatus[0m
                [36m</th>[39m
              [36m</tr>[39m
            [36m</thead>[39m
            [36m<tbody>[39m
              [36m<tr>[39m
                [36m<td[39m
                  [33mclass[39m=[32m""[39m
                [36m>[39m
                  [0mAlpha[0m
                [36m</td>[39m
                [36m<td[39m
                  [33mclass[39m=[32m""[39m
                [36m>[39m
                  [0m10[0m
                [36m</td>[39m
                [36m<td[39m
                  [33mclass[39m=[32m""[39m
                [36m>[39m
                  [0mactive[0m
                [36m</td>[39m
              [36m</tr>[39m
              [36m<tr>[39m
                [36m<td[39m
                  [33mclass[39m=[32m""[39m
                [36m>[39m
                  [0mBeta[0m
                [36m</td>[39m
                [36m<td[39m
                  [33mclass[39m=[32m""[39m
                [36m>[39m
                  [0m20[0m
                [36m</td>[39m
                [36m<td[39m
                  [33mclass[39m=[32m""[39m
                [36m>[39m
                  [0minactive[0m
                [36m</td>[39m
              [36m</tr>[39m
              [36m<tr>[39m
                [36m<td[39m
                  [33mclass[39m=[32m""[39m
                [36m>[39m
                  [0mGamma[0m
                [36m</td>[39m
                [36m<td[39m
                  [33mclass[39m=[32m""[39m
                [36m>[39m
                  [0m30[0m
                [36m</td>[39m
                [36m<td[39m
                  [33mclass[39m=[32m""[39m
                [36m>[39m
                  [0mactive[0m
                [36m</td>[39m
              [36m</tr>[39m
              [36m<tr>[39m
                [36m<td[39m
                  [33mclass[39m=[32m""[39m
                [36m>[39m
                  [0mDelta[0m
                [36m</td>[39m
                [36m<td[39m
                  [33mclass[39m=[32m""[39m
                [36m>[39m
                  [0m40[0m
                [36m</td>[39m
                [36m<td[39m
                  [33mclass[39m=[32m""[39m
                [36m>[39m
                  [0mpending[0m
                [36m</td>[39m
              [36m</tr>[39m
            [36m</tbody>[39m
          [36m</table>[39m
        [36m</div>[39m
      [36m</div>[39m
    [36m</body>[39m
[2m[22m
[2m    [0m [90m 329 |[39m             expect(screen[33m.[39mgetByText([3
2m'Alpha'[39m))[33m.[39mtoBeInTheDocument()[22m
[2m     [90m 330 |[39m             expect(screen[33m.[39mgetByText([32m'1
0'[39m))[33m.[39mtoBeInTheDocument()[22m
[2m    [31m[1m>[22m[2m[39m[90m 331 |[39m             expect(screen[33m
.[39mgetByText([32m'active'[39m))[33m.[39mtoBeInTheDocument()[22m
[2m     [90m     |[39m                           
[31m[1m^[22m[2m[39m[22m
[2m     [90m 332 |[39m         })[22m
[2m     [90m 333 |[39m[22m
[2m     [90m 334 |[39m         it([32m'renders all data 
rows'[39m[33m,[39m () [33m=>[39m {[0m[22m
[2m[22m
[2m      [2mat Object.getElementError ([22m[2mnode_modules/@testing-library
/dom/dist/config.js[2m:37:19)[22m[2m[22m
[2m      [2mat getElementError ([22m[2mnode_modules/@testing-library/dom/di
st/query-helpers.js[2m:20:35)[22m[2m[22m
[2m      [2mat getMultipleElementsFoundError ([22m[2mnode_modules/@testing-
library/dom/dist/query-helpers.js[2m:23:10)[22m[2m[22m
[2m      [2mat [22m[2mnode_modules/@testing-library/dom/dist/query-helpers.
js[2m:55:13[22m[2m[22m
[2m      [2mat [22m[2mnode_modules/@testing-library/dom/dist/query-helpers.
js[2m:95:19[22m[2m[22m
[2m      [2mat Object.<anonymous> ([22m[2m[0m[36mcommon/ux/Table/tests/Ta
bles.spec.tsx[39m[0m[2m:331:27)[22m[2m[22m

[1m[31m  [1mÔùÅ [22m[1mTable ÔÇö Sorting ÔÇ║ Sort header styling classes 
ÔÇ║ adds sorted and sorted-asc class to the active ascending column[39m[22m

    TestingLibraryElementError: Unable to find an accessible element with the 
role "columnheader" and name `/Sort by Name/`

    Here are the accessible roles:

      region:

      Name "test":
      [36m<div[39m
        [33maria-label[39m=[32m"test"[39m
        [33mclass[39m=[32m"table-container "[39m
        [33mrole[39m=[32m"region"[39m
      [36m/>[39m

      --------------------------------------------------
      table:

      Name "":
      [36m<table />[39m

      --------------------------------------------------
      rowgroup:

      Name "":
      [36m<thead />[39m

      Name "":
      [36m<tbody />[39m

      --------------------------------------------------
      row:

      Name "Name":
      [36m<tr />[39m

      Name "Alpha":
      [36m<tr />[39m

      Name "Beta":
      [36m<tr />[39m

      Name "Gamma":
      [36m<tr />[39m

      Name "Delta":
      [36m<tr />[39m

      --------------------------------------------------
      columnheader:

      Name "Name":
      [36m<th[39m
        [33maria-sort[39m=[32m"ascending"[39m
        [33mclass[39m=[32m"sortable sorted sorted-asc"[39m
        [33mscope[39m=[32m"col"[39m
      [36m/>[39m

      --------------------------------------------------
      button:

      Name "Sort by Name":
      [36m<button[39m
        [33maria-label[39m=[32m"Sort by Name"[39m
        [33mclass[39m=[32m"sort-button"[39m
        [33mtype[39m=[32m"button"[39m
      [36m/>[39m

      --------------------------------------------------
      cell:

      Name "Alpha":
      [36m<td[39m
        [33mclass[39m=[32m""[39m
      [36m/>[39m

      Name "Beta":
      [36m<td[39m
        [33mclass[39m=[32m""[39m
      [36m/>[39m

      Name "Gamma":
      [36m<td[39m
        [33mclass[39m=[32m""[39m
      [36m/>[39m

      Name "Delta":
      [36m<td[39m
        [33mclass[39m=[32m""[39m
      [36m/>[39m

      --------------------------------------------------

    Ignored nodes: comments, script, style
    [36m<body>[39m
      [36m<div>[39m
        [36m<div[39m
          [33maria-label[39m=[32m"test"[39m
          [33mclass[39m=[32m"table-container "[39m
          [33mrole[39m=[32m"region"[39m
        [36m>[39m
          [36m<table>[39m
            [36m<thead>[39m
              [36m<tr>[39m
                [36m<th[39m
                  [33maria-sort[39m=[32m"ascending"[39m
                  [33mclass[39m=[32m"sortable sorted sorted-asc"[39m
                  [33mscope[39m=[32m"col"[39m
                [36m>[39m
                  [36m<button[39m
                    [33maria-label[39m=[32m"Sort by Name"[39m
                    [33mclass[39m=[32m"sort-button"[39m
                    [33mtype[39m=[32m"button"[39m
                  [36m>[39m
                    [0mName[0m
                    [36m<span[39m
                      [33maria-hidden[39m=[32m"true"[39m
                      [33mclass[39m=[32m"sort-icon"[39m
                    [36m/>[39m
                  [36m</button>[39m
                [36m</th>[39m
              [36m</tr>[39m
            [36m</thead>[39m
            [36m<tbody>[39m
              [36m<tr>[39m
                [36m<td[39m
                  [33mclass[39m=[32m""[39m
                [36m>[39m
                  [0mAlpha[0m
                [36m</td>[39m
              [36m</tr>[39m
              [36m<tr>[39m
                [36m<td[39m
                  [33mclass[39m=[32m""[39m
                [36m>[39m
                  [0mBeta[0m
                [36m</td>[39m
              [36m</tr>[39m
              [36m<tr>[39m
                [36m<td[39m
                  [33mclass[39m=[32m""[39m
                [36m>[39m
                  [0mGamma[0m
                [36m</td>[39m
              [36m</tr>[39m
              [36m<tr>[39m
                [36m<td[39m
                  [33mclass[39m=[32m""[39m
                [36m>[39m
                  [0mDelta[0m
                [36m</td>[39m
              [36m</tr>[39m
            [36m</tbody>[39m
          [36m</table>[39m
        [36m</div>[39m
      [36m</div>[39m
    [36m</body>[39m
[2m[22m
[2m    [0m [90m 1579 |[39m                 
[33m/[39m[33m>[39m[33m,[39m[22m
[2m     [90m 1580 |[39m             )[22m
[2m    [31m[1m>[22m[2m[39m[90m 1581 |[39m             [36mconst[39m 
th [33m=[39m screen[33m.[39mgetByRole([32m'columnheader'[39m[33m,[39m 
{ name[33m:[39m [35m/Sort by Name/[39m })[22m
[2m     [90m      |[39m                               
[31m[1m^[22m[2m[39m[22m
[2m     [90m 1582 |[39m             
expect(th)[33m.[39mtoHaveClass([32m'sorted'[39m)[22m
[2m     [90m 1583 |[39m             
expect(th)[33m.[39mtoHaveClass([32m'sorted-asc'[39m)[22m
[2m     [90m 1584 |[39m         })[0m[22m
[2m[22m
[2m      [2mat Object.getElementError ([22m[2mnode_modules/@testing-library
/dom/dist/config.js[2m:37:19)[22m[2m[22m
[2m      [2mat [22m[2mnode_modules/@testing-library/dom/dist/query-helpers.
js[2m:76:38[22m[2m[22m
[2m      [2mat [22m[2mnode_modules/@testing-library/dom/dist/query-helpers.
js[2m:52:17[22m[2m[22m
[2m      [2mat [22m[2mnode_modules/@testing-library/dom/dist/query-helpers.
js[2m:95:19[22m[2m[22m
[2m      [2mat Object.<anonymous> ([22m[2m[0m[36mcommon/ux/Table/tests/Ta
bles.spec.tsx[39m[0m[2m:1581:31)[22m[2m[22m

[1m[31m  [1mÔùÅ [22m[1mTable ÔÇö Sorting ÔÇ║ Sort header styling classes 
ÔÇ║ adds sorted and sorted-desc class for descending[39m[22m

    TestingLibraryElementError: Unable to find an accessible element with the 
role "columnheader" and name `/Sort by Name/`

    Here are the accessible roles:

      region:

      Name "test":
      [36m<div[39m
        [33maria-label[39m=[32m"test"[39m
        [33mclass[39m=[32m"table-container "[39m
        [33mrole[39m=[32m"region"[39m
      [36m/>[39m

      --------------------------------------------------
      table:

      Name "":
      [36m<table />[39m

      --------------------------------------------------
      rowgroup:

      Name "":
      [36m<thead />[39m

      Name "":
      [36m<tbody />[39m

      --------------------------------------------------
      row:

      Name "Name":
      [36m<tr />[39m

      Name "Alpha":
      [36m<tr />[39m

      Name "Beta":
      [36m<tr />[39m

      Name "Gamma":
      [36m<tr />[39m

      Name "Delta":
      [36m<tr />[39m

      --------------------------------------------------
      columnheader:

      Name "Name":
      [36m<th[39m
        [33maria-sort[39m=[32m"descending"[39m
        [33mclass[39m=[32m"sortable sorted sorted-desc"[39m
        [33mscope[39m=[32m"col"[39m
      [36m/>[39m

      --------------------------------------------------
      button:

      Name "Sort by Name":
      [36m<button[39m
        [33maria-label[39m=[32m"Sort by Name"[39m
        [33mclass[39m=[32m"sort-button"[39m
        [33mtype[39m=[32m"button"[39m
      [36m/>[39m

      --------------------------------------------------
      cell:

      Name "Alpha":
      [36m<td[39m
        [33mclass[39m=[32m""[39m
      [36m/>[39m

      Name "Beta":
      [36m<td[39m
        [33mclass[39m=[32m""[39m
      [36m/>[39m

      Name "Gamma":
      [36m<td[39m
        [33mclass[39m=[32m""[39m
      [36m/>[39m

      Name "Delta":
      [36m<td[39m
        [33mclass[39m=[32m""[39m
      [36m/>[39m

      --------------------------------------------------

    Ignored nodes: comments, script, style
    [36m<body>[39m
      [36m<div>[39m
        [36m<div[39m
          [33maria-label[39m=[32m"test"[39m
          [33mclass[39m=[32m"table-container "[39m
          [33mrole[39m=[32m"region"[39m
        [36m>[39m
          [36m<table>[39m
            [36m<thead>[39m
              [36m<tr>[39m
                [36m<th[39m
                  [33maria-sort[39m=[32m"descending"[39m
                  [33mclass[39m=[32m"sortable sorted sorted-desc"[39m
                  [33mscope[39m=[32m"col"[39m
                [36m>[39m
                  [36m<button[39m
                    [33maria-label[39m=[32m"Sort by Name"[39m
                    [33mclass[39m=[32m"sort-button"[39m
                    [33mtype[39m=[32m"button"[39m
                  [36m>[39m
                    [0mName[0m
                    [36m<span[39m
                      [33maria-hidden[39m=[32m"true"[39m
                      [33mclass[39m=[32m"sort-icon"[39m
                    [36m/>[39m
                  [36m</button>[39m
                [36m</th>[39m
              [36m</tr>[39m
            [36m</thead>[39m
            [36m<tbody>[39m
              [36m<tr>[39m
                [36m<td[39m
                  [33mclass[39m=[32m""[39m
                [36m>[39m
                  [0mAlpha[0m
                [36m</td>[39m
              [36m</tr>[39m
              [36m<tr>[39m
                [36m<td[39m
                  [33mclass[39m=[32m""[39m
                [36m>[39m
                  [0mBeta[0m
                [36m</td>[39m
              [36m</tr>[39m
              [36m<tr>[39m
                [36m<td[39m
                  [33mclass[39m=[32m""[39m
                [36m>[39m
                  [0mGamma[0m
                [36m</td>[39m
              [36m</tr>[39m
              [36m<tr>[39m
                [36m<td[39m
                  [33mclass[39m=[32m""[39m
                [36m>[39m
                  [0mDelta[0m
                [36m</td>[39m
              [36m</tr>[39m
            [36m</tbody>[39m
          [36m</table>[39m
        [36m</div>[39m
      [36m</div>[39m
    [36m</body>[39m
[2m[22m
[2m    [0m [90m 1599 |[39m                 
[33m/[39m[33m>[39m[33m,[39m[22m
[2m     [90m 1600 |[39m             )[22m
[2m    [31m[1m>[22m[2m[39m[90m 1601 |[39m             [36mconst[39m 
th [33m=[39m screen[33m.[39mgetByRole([32m'columnheader'[39m[33m,[39m 
{ name[33m:[39m [35m/Sort by Name/[39m })[22m
[2m     [90m      |[39m                               
[31m[1m^[22m[2m[39m[22m
[2m     [90m 1602 |[39m             
expect(th)[33m.[39mtoHaveClass([32m'sorted'[39m)[22m
[2m     [90m 1603 |[39m             
expect(th)[33m.[39mtoHaveClass([32m'sorted-desc'[39m)[22m
[2m     [90m 1604 |[39m         })[0m[22m
[2m[22m
[2m      [2mat Object.getElementError ([22m[2mnode_modules/@testing-library
/dom/dist/config.js[2m:37:19)[22m[2m[22m
[2m      [2mat [22m[2mnode_modules/@testing-library/dom/dist/query-helpers.
js[2m:76:38[22m[2m[22m
[2m      [2mat [22m[2mnode_modules/@testing-library/dom/dist/query-helpers.
js[2m:52:17[22m[2m[22m
[2m      [2mat [22m[2mnode_modules/@testing-library/dom/dist/query-helpers.
js[2m:95:19[22m[2m[22m
[2m      [2mat Object.<anonymous> ([22m[2m[0m[36mcommon/ux/Table/tests/Ta
bles.spec.tsx[39m[0m[2m:1601:31)[22m[2m[22m

[1m[31m  [1mÔùÅ [22m[1mTable ÔÇö Sorting ÔÇ║ Sort header styling classes 
ÔÇ║ does not add sorted class to inactive sortable column[39m[22m

    TestingLibraryElementError: Unable to find an accessible element with the 
role "columnheader" and name `/Sort by Value/`

    Here are the accessible roles:

      region:

      Name "test":
      [36m<div[39m
        [33maria-label[39m=[32m"test"[39m
        [33mclass[39m=[32m"table-container "[39m
        [33mrole[39m=[32m"region"[39m
      [36m/>[39m

      --------------------------------------------------
      table:

      Name "":
      [36m<table />[39m

      --------------------------------------------------
      rowgroup:

      Name "":
      [36m<thead />[39m

      Name "":
      [36m<tbody />[39m

      --------------------------------------------------
      row:

      Name "Name Value":
      [36m<tr />[39m

      Name "Alpha 10":
      [36m<tr />[39m

      Name "Beta 20":
      [36m<tr />[39m

      Name "Gamma 30":
      [36m<tr />[39m

      Name "Delta 40":
      [36m<tr />[39m

      --------------------------------------------------
      columnheader:

      Name "Name":
      [36m<th[39m
        [33maria-sort[39m=[32m"ascending"[39m
        [33mclass[39m=[32m"sortable sorted sorted-asc"[39m
        [33mscope[39m=[32m"col"[39m
      [36m/>[39m

      Name "Value":
      [36m<th[39m
        [33mclass[39m=[32m"sortable"[39m
        [33mscope[39m=[32m"col"[39m
      [36m/>[39m

      --------------------------------------------------
      button:

      Name "Sort by Name":
      [36m<button[39m
        [33maria-label[39m=[32m"Sort by Name"[39m
        [33mclass[39m=[32m"sort-button"[39m
        [33mtype[39m=[32m"button"[39m
      [36m/>[39m

      Name "Sort by Value":
      [36m<button[39m
        [33maria-label[39m=[32m"Sort by Value"[39m
        [33mclass[39m=[32m"sort-button"[39m
        [33mtype[39m=[32m"button"[39m
      [36m/>[39m

      --------------------------------------------------
      cell:

      Name "Alpha":
      [36m<td[39m
        [33mclass[39m=[32m""[39m
      [36m/>[39m

      Name "10":
      [36m<td[39m
        [33mclass[39m=[32m""[39m
      [36m/>[39m

      Name "Beta":
      [36m<td[39m
        [33mclass[39m=[32m""[39m
      [36m/>[39m

      Name "20":
      [36m<td[39m
        [33mclass[39m=[32m""[39m
      [36m/>[39m

      Name "Gamma":
      [36m<td[39m
        [33mclass[39m=[32m""[39m
      [36m/>[39m

      Name "30":
      [36m<td[39m
        [33mclass[39m=[32m""[39m
      [36m/>[39m

      Name "Delta":
      [36m<td[39m
        [33mclass[39m=[32m""[39m
      [36m/>[39m

      Name "40":
      [36m<td[39m
        [33mclass[39m=[32m""[39m
      [36m/>[39m

      --------------------------------------------------

    Ignored nodes: comments, script, style
    [36m<body>[39m
      [36m<div>[39m
        [36m<div[39m
          [33maria-label[39m=[32m"test"[39m
          [33mclass[39m=[32m"table-container "[39m
          [33mrole[39m=[32m"region"[39m
        [36m>[39m
          [36m<table>[39m
            [36m<thead>[39m
              [36m<tr>[39m
                [36m<th[39m
                  [33maria-sort[39m=[32m"ascending"[39m
                  [33mclass[39m=[32m"sortable sorted sorted-asc"[39m
                  [33mscope[39m=[32m"col"[39m
                [36m>[39m
                  [36m<button[39m
                    [33maria-label[39m=[32m"Sort by Name"[39m
                    [33mclass[39m=[32m"sort-button"[39m
                    [33mtype[39m=[32m"button"[39m
                  [36m>[39m
                    [0mName[0m
                    [36m<span[39m
                      [33maria-hidden[39m=[32m"true"[39m
                      [33mclass[39m=[32m"sort-icon"[39m
                    [36m/>[39m
                  [36m</button>[39m
                [36m</th>[39m
                [36m<th[39m
                  [33mclass[39m=[32m"sortable"[39m
                  [33mscope[39m=[32m"col"[39m
                [36m>[39m
                  [36m<button[39m
                    [33maria-label[39m=[32m"Sort by Value"[39m
                    [33mclass[39m=[32m"sort-button"[39m
                    [33mtype[39m=[32m"button"[39m
                  [36m>[39m
                    [0mValue[0m
                    [36m<span[39m
                      [33maria-hidden[39m=[32m"true"[39m
                      [33mclass[39m=[32m"sort-icon"[39m
                    [36m/>[39m
                  [36m</button>[39m
                [36m</th>[39m
              [36m</tr>[39m
            [36m</thead>[39m
            [36m<tbody>[39m
              [36m<tr>[39m
                [36m<td[39m
                  [33mclass[39m=[32m""[39m
                [36m>[39m
                  [0mAlpha[0m
                [36m</td>[39m
                [36m<td[39m
                  [33mclass[39m=[32m""[39m
                [36m>[39m
                  [0m10[0m
                [36m</td>[39m
              [36m</tr>[39m
              [36m<tr>[39m
                [36m<td[39m
                  [33mclass[39m=[32m""[39m
                [36m>[39m
                  [0mBeta[0m
                [36m</td>[39m
                [36m<td[39m
                  [33mclass[39m=[32m""[39m
                [36m>[39m
                  [0m20[0m
                [36m</td>[39m
              [36m</tr>[39m
              [36m<tr>[39m
                [36m<td[39m
                  [33mclass[39m=[32m""[39m
                [36m>[39m
                  [0mGamma[0m
                [36m</td>[39m
                [36m<td[39m
                  [33mclass[39m=[32m""[39m
                [36m>[39m
                  [0m30[0m
                [36m</td>[39m
              [36m</tr>[39m
              [36m<tr>[39m
                [36m<td[39m
                  [33mclass[39m=[32m""[39m
                [36m>[39m
                  [0mDelta[0m
                [36m</td>[39m
                [36m<td[39m
                  [33mclass[39m=[32m""[39m
                [36m>[39m
                  [0m40[0m
                [36m</td>[39m
              [36m</tr>[39m
            [36m</tbody>[39m
          [36m</table>[39m
        [36m</div>[39m
      [36m</div>[39m
    [36m</body>[39m
[2m[22m
[2m    [0m [90m 1620 |[39m                 
[33m/[39m[33m>[39m[33m,[39m[22m
[2m     [90m 1621 |[39m             )[22m
[2m    [31m[1m>[22m[2m[39m[90m 1622 |[39m             [36mconst[39m 
th [33m=[39m screen[33m.[39mgetByRole([32m'columnheader'[39m[33m,[39m 
{ name[33m:[39m [35m/Sort by Value/[39m })[22m
[2m     [90m      |[39m                               
[31m[1m^[22m[2m[39m[22m
[2m     [90m 1623 |[39m             
expect(th)[33m.[39mnot[33m.[39mtoHaveClass([32m'sorted'[39m)[22m
[2m     [90m 1624 |[39m         })[22m
[2m     [90m 1625 |[39m     })[0m[22m
[2m[22m
[2m      [2mat Object.getElementError ([22m[2mnode_modules/@testing-library
/dom/dist/config.js[2m:37:19)[22m[2m[22m
[2m      [2mat [22m[2mnode_modules/@testing-library/dom/dist/query-helpers.
js[2m:76:38[22m[2m[22m
[2m      [2mat [22m[2mnode_modules/@testing-library/dom/dist/query-helpers.
js[2m:52:17[22m[2m[22m
[2m      [2mat [22m[2mnode_modules/@testing-library/dom/dist/query-helpers.
js[2m:95:19[22m[2m[22m
[2m      [2mat Object.<anonymous> ([22m[2m[0m[36mcommon/ux/Table/tests/Ta
bles.spec.tsx[39m[0m[2m:1622:31)[22m[2m[22m

[1m[31m  [1mÔùÅ [22m[1mTable ÔÇö Responsive / Breakpoints ÔÇ║ Expand 
button ÔÇ║ renders expand buttons when columns have breakpoints[39m[22m

    TestingLibraryElementError: Unable to find an accessible element with the 
role "button" and name "Expand row"

    Here are the accessible roles:

      region:

      Name "test":
      [36m<div[39m
        [33maria-label[39m=[32m"test"[39m
        [33mclass[39m=[32m"table-container "[39m
        [33mrole[39m=[32m"region"[39m
      [36m/>[39m

      --------------------------------------------------
      table:

      Name "":
      [36m<table />[39m

      --------------------------------------------------
      rowgroup:

      Name "":
      [36m<thead />[39m

      Name "":
      [36m<tbody />[39m

      --------------------------------------------------
      row:

      Name "Name Status":
      [36m<tr />[39m

      Name "Alpha active":
      [36m<tr />[39m

      Name "Beta inactive":
      [36m<tr />[39m

      Name "Gamma active":
      [36m<tr />[39m

      Name "Delta pending":
      [36m<tr />[39m

      --------------------------------------------------
      columnheader:

      Name "Name":
      [36m<th[39m
        [33mclass[39m=[32m""[39m
        [33mscope[39m=[32m"col"[39m
      [36m/>[39m

      Name "Status":
      [36m<th[39m
        [33mclass[39m=[32m"xxs"[39m
        [33mscope[39m=[32m"col"[39m
      [36m/>[39m

      --------------------------------------------------
      cell:

      Name "Alpha":
      [36m<td[39m
        [33mclass[39m=[32m""[39m
      [36m/>[39m

      Name "active":
      [36m<td[39m
        [33mclass[39m=[32m"xxs"[39m
      [36m/>[39m

      Name "Beta":
      [36m<td[39m
        [33mclass[39m=[32m""[39m
      [36m/>[39m

      Name "inactive":
      [36m<td[39m
        [33mclass[39m=[32m"xxs"[39m
      [36m/>[39m

      Name "Gamma":
      [36m<td[39m
        [33mclass[39m=[32m""[39m
      [36m/>[39m

      Name "active":
      [36m<td[39m
        [33mclass[39m=[32m"xxs"[39m
      [36m/>[39m

      Name "Delta":
      [36m<td[39m
        [33mclass[39m=[32m""[39m
      [36m/>[39m

      Name "pending":
      [36m<td[39m
        [33mclass[39m=[32m"xxs"[39m
      [36m/>[39m

      --------------------------------------------------

    Ignored nodes: comments, script, style
    [36m<body>[39m
      [36m<div>[39m
        [36m<div[39m
          [33maria-label[39m=[32m"test"[39m
          [33mclass[39m=[32m"table-container "[39m
          [33mrole[39m=[32m"region"[39m
        [36m>[39m
          [36m<table>[39m
            [36m<thead>[39m
              [36m<tr>[39m
                [36m<th[39m
                  [33mclass[39m=[32m""[39m
                  [33mscope[39m=[32m"col"[39m
                [36m>[39m
                  [0mName[0m
                [36m</th>[39m
                [36m<th[39m
                  [33mclass[39m=[32m"xxs"[39m
                  [33mscope[39m=[32m"col"[39m
                [36m>[39m
                  [0mStatus[0m
                [36m</th>[39m
              [36m</tr>[39m
            [36m</thead>[39m
            [36m<tbody>[39m
              [36m<tr>[39m
                [36m<td[39m
                  [33mclass[39m=[32m""[39m
                [36m>[39m
                  [0mAlpha[0m
                [36m</td>[39m
                [36m<td[39m
                  [33mclass[39m=[32m"xxs"[39m
                [36m>[39m
                  [0mactive[0m
                [36m</td>[39m
              [36m</tr>[39m
              [36m<tr>[39m
                [36m<td[39m
                  [33mclass[39m=[32m""[39m
                [36m>[39m
                  [0mBeta[0m
                [36m</td>[39m
                [36m<td[39m
                  [33mclass[39m=[32m"xxs"[39m
                [36m>[39m
                  [0minactive[0m
                [36m</td>[39m
              [36m</tr>[39m
              [36m<tr>[39m
                [36m<td[39m
                  [33mclass[39m=[32m""[39m
                [36m>[39m
                  [0mGamma[0m
                [36m</td>[39m
                [36m<td[39m
                  [33mclass[39m=[32m"xxs"[39m
                [36m>[39m
                  [0mactive[0m
                [36m</td>[39m
              [36m</tr>[39m
              [36m<tr>[39m
                [36m<td[39m
                  [33mclass[39m=[32m""[39m
                [36m>[39m
                  [0mDelta[0m
                [36m</td>[39m
                [36m<td[39m
                  [33mclass[39m=[32m"xxs"[39m
                [36m>[39m
                  [0mpending[0m
                [36m</td>[39m
              [36m</tr>[39m
            [36m</tbody>[39m
          [36m</table>[39m
        [36m</div>[39m
      [36m</div>[39m
    [36m</body>[39m
[2m[22m
[2m    [0m [90m 2620 |[39m                 
[33m/[39m[33m>[39m[33m,[39m[22m
[2m     [90m 2621 |[39m             )[22m
[2m    [31m[1m>[22m[2m[39m[90m 2622 |[39m             
expect(screen[33m.[39mgetAllByRole([32m'button'[39m[33m,[39m { 
name[33m:[39m [32m'Expand row'[39m 
}))[33m.[39mtoHaveLength(rows[33m.[39mlength)[22m
[2m     [90m      |[39m                           
[31m[1m^[22m[2m[39m[22m
[2m     [90m 2623 |[39m         })[22m
[2m     [90m 2624 |[39m[22m
[2m     [90m 2625 |[39m         it([32m'does not render expand buttons 
when no columns have breakpoints'[39m[33m,[39m () [33m=>[39m {[0m[22m
[2m[22m
[2m      [2mat Object.getElementError ([22m[2mnode_modules/@testing-library
/dom/dist/config.js[2m:37:19)[22m[2m[22m
[2m      [2mat [22m[2mnode_modules/@testing-library/dom/dist/query-helpers.
js[2m:76:38[22m[2m[22m
[2m      [2mat [22m[2mnode_modules/@testing-library/dom/dist/query-helpers.
js[2m:109:15[22m[2m[22m
[2m      [2mat Object.<anonymous> ([22m[2m[0m[36mcommon/ux/Table/tests/Ta
bles.spec.tsx[39m[0m[2m:2622:27)[22m[2m[22m

[1m[31m  [1mÔùÅ [22m[1mTable ÔÇö Responsive / Breakpoints ÔÇ║ Row 
expansion ÔÇ║ shows expanded row details after clicking expand[39m[22m

    TestingLibraryElementError: Unable to find an accessible element with the 
role "button" and name "Expand row"

    Here are the accessible roles:

      region:

      Name "test":
      [36m<div[39m
        [33maria-label[39m=[32m"test"[39m
        [33mclass[39m=[32m"table-container "[39m
        [33mrole[39m=[32m"region"[39m
      [36m/>[39m

      --------------------------------------------------
      table:

      Name "":
      [36m<table />[39m

      --------------------------------------------------
      rowgroup:

      Name "":
      [36m<thead />[39m

      Name "":
      [36m<tbody />[39m

      --------------------------------------------------
      row:

      Name "Name Status":
      [36m<tr />[39m

      Name "Alpha active":
      [36m<tr />[39m

      Name "Beta inactive":
      [36m<tr />[39m

      Name "Gamma active":
      [36m<tr />[39m

      Name "Delta pending":
      [36m<tr />[39m

      --------------------------------------------------
      columnheader:

      Name "Name":
      [36m<th[39m
        [33mclass[39m=[32m""[39m
        [33mscope[39m=[32m"col"[39m
      [36m/>[39m

      Name "Status":
      [36m<th[39m
        [33mclass[39m=[32m"xxs"[39m
        [33mscope[39m=[32m"col"[39m
      [36m/>[39m

      --------------------------------------------------
      cell:

      Name "Alpha":
      [36m<td[39m
        [33mclass[39m=[32m""[39m
      [36m/>[39m

      Name "active":
      [36m<td[39m
        [33mclass[39m=[32m"xxs"[39m
      [36m/>[39m

      Name "Beta":
      [36m<td[39m
        [33mclass[39m=[32m""[39m
      [36m/>[39m

      Name "inactive":
      [36m<td[39m
        [33mclass[39m=[32m"xxs"[39m
      [36m/>[39m

      Name "Gamma":
      [36m<td[39m
        [33mclass[39m=[32m""[39m
      [36m/>[39m

      Name "active":
      [36m<td[39m
        [33mclass[39m=[32m"xxs"[39m
      [36m/>[39m

      Name "Delta":
      [36m<td[39m
        [33mclass[39m=[32m""[39m
      [36m/>[39m

      Name "pending":
      [36m<td[39m
        [33mclass[39m=[32m"xxs"[39m
      [36m/>[39m

      --------------------------------------------------

    Ignored nodes: comments, script, style
    [36m<body>[39m
      [36m<div>[39m
        [36m<div[39m
          [33maria-label[39m=[32m"test"[39m
          [33mclass[39m=[32m"table-container "[39m
          [33mrole[39m=[32m"region"[39m
        [36m>[39m
          [36m<table>[39m
            [36m<thead>[39m
              [36m<tr>[39m
                [36m<th[39m
                  [33mclass[39m=[32m""[39m
                  [33mscope[39m=[32m"col"[39m
                [36m>[39m
                  [0mName[0m
                [36m</th>[39m
                [36m<th[39m
                  [33mclass[39m=[32m"xxs"[39m
                  [33mscope[39m=[32m"col"[39m
                [36m>[39m
                  [0mStatus[0m
                [36m</th>[39m
              [36m</tr>[39m
            [36m</thead>[39m
            [36m<tbody>[39m
              [36m<tr>[39m
                [36m<td[39m
                  [33mclass[39m=[32m""[39m
                [36m>[39m
                  [0mAlpha[0m
                [36m</td>[39m
                [36m<td[39m
                  [33mclass[39m=[32m"xxs"[39m
                [36m>[39m
                  [0mactive[0m
                [36m</td>[39m
              [36m</tr>[39m
              [36m<tr>[39m
                [36m<td[39m
                  [33mclass[39m=[32m""[39m
                [36m>[39m
                  [0mBeta[0m
                [36m</td>[39m
                [36m<td[39m
                  [33mclass[39m=[32m"xxs"[39m
                [36m>[39m
                  [0minactive[0m
                [36m</td>[39m
              [36m</tr>[39m
              [36m<tr>[39m
                [36m<td[39m
                  [33mclass[39m=[32m""[39m
                [36m>[39m
                  [0mGamma[0m
                [36m</td>[39m
                [36m<td[39m
                  [33mclass[39m=[32m"xxs"[39m
                [36m>[39m
                  [0mactive[0m
                [36m</td>[39m
              [36m</tr>[39m
              [36m<tr>[39m
                [36m<td[39m
                  [33mclass[39m=[32m""[39m
                [36m>[39m
                  [0mDelta[0m
                [36m</td>[39m
                [36m<td[39m
                  [33mclass[39m=[32m"xxs"[39m
                [36m>[39m
                  [0mpending[0m
                [36m</td>[39m
              [36m</tr>[39m
            [36m</tbody>[39m
          [36m</table>[39m
        [36m</div>[39m
      [36m</div>[39m
    [36m</body>[39m
[2m[22m
[2m    [0m [90m 2648 |[39m                 
[33m/[39m[33m>[39m[33m,[39m[22m
[2m     [90m 2649 |[39m             )[22m
[2m    [31m[1m>[22m[2m[39m[90m 2650 |[39m             [36mawait[39m u
ser[33m.[39mclick(screen[33m.[39mgetAllByRole([32m'button'[39m[33m,[39m
 { name[33m:[39m [32m'Expand row'[39m })[[35m0[39m])[22m
[2m     [90m      |[39m                                     
[31m[1m^[22m[2m[39m[22m
[2m     [90m 2651 |[39m             expect([22m
[2m     [90m 2652 |[39m                 
screen[33m.[39mgetByRole([32m'row'[39m[33m,[39m { name[33m:[39m 
[32m'Expanded details for row 1'[39m })[33m,[39m[22m
[2m     [90m 2653 |[39m             )[33m.[39mtoBeInTheDocument()[0m[22m
[2m[22m
[2m      [2mat Object.getElementError ([22m[2mnode_modules/@testing-library
/dom/dist/config.js[2m:37:19)[22m[2m[22m
[2m      [2mat [22m[2mnode_modules/@testing-library/dom/dist/query-helpers.
js[2m:76:38[22m[2m[22m
[2m      [2mat [22m[2mnode_modules/@testing-library/dom/dist/query-helpers.
js[2m:109:15[22m[2m[22m
[2m      [2mat Object.<anonymous> ([22m[2m[0m[36mcommon/ux/Table/tests/Ta
bles.spec.tsx[39m[0m[2m:2650:37)[22m[2m[22m

[1m[31m  [1mÔùÅ [22m[1mTable ÔÇö Responsive / Breakpoints ÔÇ║ Row 
expansion ÔÇ║ expanded row shows hidden column headers and values[39m[22m

    TestingLibraryElementError: Unable to find an accessible element with the 
role "button" and name "Expand row"

    Here are the accessible roles:

      region:

      Name "test":
      [36m<div[39m
        [33maria-label[39m=[32m"test"[39m
        [33mclass[39m=[32m"table-container "[39m
        [33mrole[39m=[32m"region"[39m
      [36m/>[39m

      --------------------------------------------------
      table:

      Name "":
      [36m<table />[39m

      --------------------------------------------------
      rowgroup:

      Name "":
      [36m<thead />[39m

      Name "":
      [36m<tbody />[39m

      --------------------------------------------------
      row:

      Name "Name Status":
      [36m<tr />[39m

      Name "Alpha active":
      [36m<tr />[39m

      --------------------------------------------------
      columnheader:

      Name "Name":
      [36m<th[39m
        [33mclass[39m=[32m""[39m
        [33mscope[39m=[32m"col"[39m
      [36m/>[39m

      Name "Status":
      [36m<th[39m
        [33mclass[39m=[32m"xxs"[39m
        [33mscope[39m=[32m"col"[39m
      [36m/>[39m

      --------------------------------------------------
      cell:

      Name "Alpha":
      [36m<td[39m
        [33mclass[39m=[32m""[39m
      [36m/>[39m

      Name "active":
      [36m<td[39m
        [33mclass[39m=[32m"xxs"[39m
      [36m/>[39m

      --------------------------------------------------

    Ignored nodes: comments, script, style
    [36m<body>[39m
      [36m<div>[39m
        [36m<div[39m
          [33maria-label[39m=[32m"test"[39m
          [33mclass[39m=[32m"table-container "[39m
          [33mrole[39m=[32m"region"[39m
        [36m>[39m
          [36m<table>[39m
            [36m<thead>[39m
              [36m<tr>[39m
                [36m<th[39m
                  [33mclass[39m=[32m""[39m
                  [33mscope[39m=[32m"col"[39m
                [36m>[39m
                  [0mName[0m
                [36m</th>[39m
                [36m<th[39m
                  [33mclass[39m=[32m"xxs"[39m
                  [33mscope[39m=[32m"col"[39m
                [36m>[39m
                  [0mStatus[0m
                [36m</th>[39m
              [36m</tr>[39m
            [36m</thead>[39m
            [36m<tbody>[39m
              [36m<tr>[39m
                [36m<td[39m
                  [33mclass[39m=[32m""[39m
                [36m>[39m
                  [0mAlpha[0m
                [36m</td>[39m
                [36m<td[39m
                  [33mclass[39m=[32m"xxs"[39m
                [36m>[39m
                  [0mactive[0m
                [36m</td>[39m
              [36m</tr>[39m
            [36m</tbody>[39m
          [36m</table>[39m
        [36m</div>[39m
      [36m</div>[39m
    [36m</body>[39m
[2m[22m
[2m    [0m [90m 2666 |[39m                 
[33m/[39m[33m>[39m[33m,[39m[22m
[2m     [90m 2667 |[39m             )[22m
[2m    [31m[1m>[22m[2m[39m[90m 2668 |[39m             [36mawait[39m 
user[33m.[39mclick(screen[33m.[39mgetByRole([32m'button'[39m[33m,[39m 
{ name[33m:[39m [32m'Expand row'[39m }))[22m
[2m     [90m      |[39m                                     
[31m[1m^[22m[2m[39m[22m
[2m     [90m 2669 |[39m             [36mconst[39m expandedRow [33m=[39m 
screen[33m.[39mgetByRole([32m'row'[39m[33m,[39m {[22m
[2m     [90m 2670 |[39m                 name[33m:[39m [32m'Expanded 
details for row 1'[39m[33m,[39m[22m
[2m     [90m 2671 |[39m             })[0m[22m
[2m[22m
[2m      [2mat Object.getElementError ([22m[2mnode_modules/@testing-library
/dom/dist/config.js[2m:37:19)[22m[2m[22m
[2m      [2mat [22m[2mnode_modules/@testing-library/dom/dist/query-helpers.
js[2m:76:38[22m[2m[22m
[2m      [2mat [22m[2mnode_modules/@testing-library/dom/dist/query-helpers.
js[2m:52:17[22m[2m[22m
[2m      [2mat [22m[2mnode_modules/@testing-library/dom/dist/query-helpers.
js[2m:95:19[22m[2m[22m
[2m      [2mat Object.<anonymous> ([22m[2m[0m[36mcommon/ux/Table/tests/Ta
bles.spec.tsx[39m[0m[2m:2668:37)[22m[2m[22m

[1m[31m  [1mÔùÅ [22m[1mTable ÔÇö Responsive / Breakpoints ÔÇ║ Row 
expansion ÔÇ║ hides expanded row after clicking collapse[39m[22m

    TestingLibraryElementError: Unable to find an accessible element with the 
role "button" and name "Expand row"

    Here are the accessible roles:

      region:

      Name "test":
      [36m<div[39m
        [33maria-label[39m=[32m"test"[39m
        [33mclass[39m=[32m"table-container "[39m
        [33mrole[39m=[32m"region"[39m
      [36m/>[39m

      --------------------------------------------------
      table:

      Name "":
      [36m<table />[39m

      --------------------------------------------------
      rowgroup:

      Name "":
      [36m<thead />[39m

      Name "":
      [36m<tbody />[39m

      --------------------------------------------------
      row:

      Name "Name Status":
      [36m<tr />[39m

      Name "Alpha active":
      [36m<tr />[39m

      Name "Beta inactive":
      [36m<tr />[39m

      Name "Gamma active":
      [36m<tr />[39m

      Name "Delta pending":
      [36m<tr />[39m

      --------------------------------------------------
      columnheader:

      Name "Name":
      [36m<th[39m
        [33mclass[39m=[32m""[39m
        [33mscope[39m=[32m"col"[39m
      [36m/>[39m

      Name "Status":
      [36m<th[39m
        [33mclass[39m=[32m"xxs"[39m
        [33mscope[39m=[32m"col"[39m
      [36m/>[39m

      --------------------------------------------------
      cell:

      Name "Alpha":
      [36m<td[39m
        [33mclass[39m=[32m""[39m
      [36m/>[39m

      Name "active":
      [36m<td[39m
        [33mclass[39m=[32m"xxs"[39m
      [36m/>[39m

      Name "Beta":
      [36m<td[39m
        [33mclass[39m=[32m""[39m
      [36m/>[39m

      Name "inactive":
      [36m<td[39m
        [33mclass[39m=[32m"xxs"[39m
      [36m/>[39m

      Name "Gamma":
      [36m<td[39m
        [33mclass[39m=[32m""[39m
      [36m/>[39m

      Name "active":
      [36m<td[39m
        [33mclass[39m=[32m"xxs"[39m
      [36m/>[39m

      Name "Delta":
      [36m<td[39m
        [33mclass[39m=[32m""[39m
      [36m/>[39m

      Name "pending":
      [36m<td[39m
        [33mclass[39m=[32m"xxs"[39m
      [36m/>[39m

      --------------------------------------------------

    Ignored nodes: comments, script, style
    [36m<body>[39m
      [36m<div>[39m
        [36m<div[39m
          [33maria-label[39m=[32m"test"[39m
          [33mclass[39m=[32m"table-container "[39m
          [33mrole[39m=[32m"region"[39m
        [36m>[39m
          [36m<table>[39m
            [36m<thead>[39m
              [36m<tr>[39m
                [36m<th[39m
                  [33mclass[39m=[32m""[39m
                  [33mscope[39m=[32m"col"[39m
                [36m>[39m
                  [0mName[0m
                [36m</th>[39m
                [36m<th[39m
                  [33mclass[39m=[32m"xxs"[39m
                  [33mscope[39m=[32m"col"[39m
                [36m>[39m
                  [0mStatus[0m
                [36m</th>[39m
              [36m</tr>[39m
            [36m</thead>[39m
            [36m<tbody>[39m
              [36m<tr>[39m
                [36m<td[39m
                  [33mclass[39m=[32m""[39m
                [36m>[39m
                  [0mAlpha[0m
                [36m</td>[39m
                [36m<td[39m
                  [33mclass[39m=[32m"xxs"[39m
                [36m>[39m
                  [0mactive[0m
                [36m</td>[39m
              [36m</tr>[39m
              [36m<tr>[39m
                [36m<td[39m
                  [33mclass[39m=[32m""[39m
                [36m>[39m
                  [0mBeta[0m
                [36m</td>[39m
                [36m<td[39m
                  [33mclass[39m=[32m"xxs"[39m
                [36m>[39m
                  [0minactive[0m
                [36m</td>[39m
              [36m</tr>[39m
              [36m<tr>[39m
                [36m<td[39m
                  [33mclass[39m=[32m""[39m
                [36m>[39m
                  [0mGamma[0m
                [36m</td>[39m
                [36m<td[39m
                  [33mclass[39m=[32m"xxs"[39m
                [36m>[39m
                  [0mactive[0m
                [36m</td>[39m
              [36m</tr>[39m
              [36m<tr>[39m
                [36m<td[39m
                  [33mclass[39m=[32m""[39m
                [36m>[39m
                  [0mDelta[0m
                [36m</td>[39m
                [36m<td[39m
                  [33mclass[39m=[32m"xxs"[39m
                [36m>[39m
                  [0mpending[0m
                [36m</td>[39m
              [36m</tr>[39m
            [36m</tbody>[39m
          [36m</table>[39m
        [36m</div>[39m
      [36m</div>[39m
    [36m</body>[39m
[2m[22m
[2m    [0m [90m 2685 |[39m                 
[33m/[39m[33m>[39m[33m,[39m[22m
[2m     [90m 2686 |[39m             )[22m
[2m    [31m[1m>[22m[2m[39m[90m 2687 |[39m             [36mconst[39m 
btn [33m=[39m screen[33m.[39mgetAllByRole([32m'button'[39m[33m,[39m { 
name[33m:[39m [32m'Expand row'[39m })[[35m0[39m][22m
[2m     [90m      |[39m                                
[31m[1m^[22m[2m[39m[22m
[2m     [90m 2688 |[39m             [36mawait[39m 
user[33m.[39mclick(btn)[22m
[2m     [90m 2689 |[39m             [36mawait[39m 
user[33m.[39mclick(btn)[22m
[2m     [90m 2690 |[39m             expect([0m[22m
[2m[22m
[2m      [2mat Object.getElementError ([22m[2mnode_modules/@testing-library
/dom/dist/config.js[2m:37:19)[22m[2m[22m
[2m      [2mat [22m[2mnode_modules/@testing-library/dom/dist/query-helpers.
js[2m:76:38[22m[2m[22m
[2m      [2mat [22m[2mnode_modules/@testing-library/dom/dist/query-helpers.
js[2m:109:15[22m[2m[22m
[2m      [2mat Object.<anonymous> ([22m[2m[0m[36mcommon/ux/Table/tests/Ta
bles.spec.tsx[39m[0m[2m:2687:32)[22m[2m[22m

[1m[31m  [1mÔùÅ [22m[1mTable ÔÇö Responsive / Breakpoints ÔÇ║ Row 
expansion ÔÇ║ multiple rows can be expanded simultaneously[39m[22m

    TestingLibraryElementError: Unable to find an accessible element with the 
role "button" and name "Expand row"

    Here are the accessible roles:

      region:

      Name "test":
      [36m<div[39m
        [33maria-label[39m=[32m"test"[39m
        [33mclass[39m=[32m"table-container "[39m
        [33mrole[39m=[32m"region"[39m
      [36m/>[39m

      --------------------------------------------------
      table:

      Name "":
      [36m<table />[39m

      --------------------------------------------------
      rowgroup:

      Name "":
      [36m<thead />[39m

      Name "":
      [36m<tbody />[39m

      --------------------------------------------------
      row:

      Name "Name Status":
      [36m<tr />[39m

      Name "Alpha active":
      [36m<tr />[39m

      Name "Beta inactive":
      [36m<tr />[39m

      Name "Gamma active":
      [36m<tr />[39m

      Name "Delta pending":
      [36m<tr />[39m

      --------------------------------------------------
      columnheader:

      Name "Name":
      [36m<th[39m
        [33mclass[39m=[32m""[39m
        [33mscope[39m=[32m"col"[39m
      [36m/>[39m

      Name "Status":
      [36m<th[39m
        [33mclass[39m=[32m"xxs"[39m
        [33mscope[39m=[32m"col"[39m
      [36m/>[39m

      --------------------------------------------------
      cell:

      Name "Alpha":
      [36m<td[39m
        [33mclass[39m=[32m""[39m
      [36m/>[39m

      Name "active":
      [36m<td[39m
        [33mclass[39m=[32m"xxs"[39m
      [36m/>[39m

      Name "Beta":
      [36m<td[39m
        [33mclass[39m=[32m""[39m
      [36m/>[39m

      Name "inactive":
      [36m<td[39m
        [33mclass[39m=[32m"xxs"[39m
      [36m/>[39m

      Name "Gamma":
      [36m<td[39m
        [33mclass[39m=[32m""[39m
      [36m/>[39m

      Name "active":
      [36m<td[39m
        [33mclass[39m=[32m"xxs"[39m
      [36m/>[39m

      Name "Delta":
      [36m<td[39m
        [33mclass[39m=[32m""[39m
      [36m/>[39m

      Name "pending":
      [36m<td[39m
        [33mclass[39m=[32m"xxs"[39m
      [36m/>[39m

      --------------------------------------------------

    Ignored nodes: comments, script, style
    [36m<body>[39m
      [36m<div>[39m
        [36m<div[39m
          [33maria-label[39m=[32m"test"[39m
          [33mclass[39m=[32m"table-container "[39m
          [33mrole[39m=[32m"region"[39m
        [36m>[39m
          [36m<table>[39m
            [36m<thead>[39m
              [36m<tr>[39m
                [36m<th[39m
                  [33mclass[39m=[32m""[39m
                  [33mscope[39m=[32m"col"[39m
                [36m>[39m
                  [0mName[0m
                [36m</th>[39m
                [36m<th[39m
                  [33mclass[39m=[32m"xxs"[39m
                  [33mscope[39m=[32m"col"[39m
                [36m>[39m
                  [0mStatus[0m
                [36m</th>[39m
              [36m</tr>[39m
            [36m</thead>[39m
            [36m<tbody>[39m
              [36m<tr>[39m
                [36m<td[39m
                  [33mclass[39m=[32m""[39m
                [36m>[39m
                  [0mAlpha[0m
                [36m</td>[39m
                [36m<td[39m
                  [33mclass[39m=[32m"xxs"[39m
                [36m>[39m
                  [0mactive[0m
                [36m</td>[39m
              [36m</tr>[39m
              [36m<tr>[39m
                [36m<td[39m
                  [33mclass[39m=[32m""[39m
                [36m>[39m
                  [0mBeta[0m
                [36m</td>[39m
                [36m<td[39m
                  [33mclass[39m=[32m"xxs"[39m
                [36m>[39m
                  [0minactive[0m
                [36m</td>[39m
              [36m</tr>[39m
              [36m<tr>[39m
                [36m<td[39m
                  [33mclass[39m=[32m""[39m
                [36m>[39m
                  [0mGamma[0m
                [36m</td>[39m
                [36m<td[39m
                  [33mclass[39m=[32m"xxs"[39m
                [36m>[39m
                  [0mactive[0m
                [36m</td>[39m
              [36m</tr>[39m
              [36m<tr>[39m
                [36m<td[39m
                  [33mclass[39m=[32m""[39m
                [36m>[39m
                  [0mDelta[0m
                [36m</td>[39m
                [36m<td[39m
                  [33mclass[39m=[32m"xxs"[39m
                [36m>[39m
                  [0mpending[0m
                [36m</td>[39m
              [36m</tr>[39m
            [36m</tbody>[39m
          [36m</table>[39m
        [36m</div>[39m
      [36m</div>[39m
    [36m</body>[39m
[2m[22m
[2m    [0m [90m 2705 |[39m                 
[33m/[39m[33m>[39m[33m,[39m[22m
[2m     [90m 2706 |[39m             )[22m
[2m    [31m[1m>[22m[2m[39m[90m 2707 |[39m             [36mconst[39m 
btns [33m=[39m screen[33m.[39mgetAllByRole([32m'button'[39m[33m,[39m { 
name[33m:[39m [32m'Expand row'[39m })[22m
[2m     [90m      |[39m                                 
[31m[1m^[22m[2m[39m[22m
[2m     [90m 2708 |[39m             [36mawait[39m 
user[33m.[39mclick(btns[[35m0[39m])[22m
[2m     [90m 2709 |[39m             [36mawait[39m 
user[33m.[39mclick(btns[[35m1[39m])[22m
[2m     [90m 2710 |[39m             expect([0m[22m
[2m[22m
[2m      [2mat Object.getElementError ([22m[2mnode_modules/@testing-library
/dom/dist/config.js[2m:37:19)[22m[2m[22m
[2m      [2mat [22m[2mnode_modules/@testing-library/dom/dist/query-helpers.
js[2m:76:38[22m[2m[22m
[2m      [2mat [22m[2mnode_modules/@testing-library/dom/dist/query-helpers.
js[2m:109:15[22m[2m[22m
[2m      [2mat Object.<anonymous> ([22m[2m[0m[36mcommon/ux/Table/tests/Ta
bles.spec.tsx[39m[0m[2m:2707:33)[22m[2m[22m

[1m[31m  [1mÔùÅ [22m[1mTable ÔÇö Responsive / Breakpoints ÔÇ║ Breakpoint 
class on cells ÔÇ║ adds breakpoint class to cells[39m[22m

    [2mexpect([22m[31mreceived[39m[2m).toHaveClass()[22m

    [31mreceived[39m value must be an HTMLElement or an SVGElement.
    Received has value: [31mundefined[39m
[2m[22m
[2m    [0m [90m 2732 |[39m             [90m// The status cell (second 
column = cells[2] because cells[0] is expand-col)[39m[22m
[2m     [90m 2733 |[39m             [36mconst[39m statusCell [33m=[39m 
cells[[35m2[39m][22m
[2m    [31m[1m>[22m[2m[39m[90m 2734 |[39m             
expect(statusCell)[33m.[39mtoHaveClass([32m'lg'[39m)[22m
[2m     [90m      |[39m                                
[31m[1m^[22m[2m[39m[22m
[2m     [90m 2735 |[39m         })[22m
[2m     [90m 2736 |[39m[22m
[2m     [90m 2737 |[39m         it([32m'adds breakpoint class to 
header'[39m[33m,[39m () [33m=>[39m {[0m[22m
[2m[22m
[2m      [2mat __EXTERNAL_MATCHER_TRAP__ 
([22m[2mnode_modules/expect/build/index.js[2m:325:30)[22m[2m[22m
[2m      [2mat Object.throwingMatcher [as toHaveClass] 
([22m[2mnode_modules/expect/build/index.js[2m:326:15)[22m[2m[22m
[2m      [2mat Object.<anonymous> ([22m[2m[0m[36mcommon/ux/Table/tests/Ta
bles.spec.tsx[39m[0m[2m:2734:32)[22m[2m[22m

[1m[31m  [1mÔùÅ [22m[1mTable ÔÇö Combined Features ÔÇ║ renders table with 
title, description, legend, data, actions, selection, sorting, filtering, 
download, and pagination[39m[22m

    TestingLibraryElementError: Unable to find an accessible element with the 
role "region" and name "Full feature table"

    Here are the accessible roles:

      region:

      Name "Combined Table":
      [36m<div[39m
        [33maria-label[39m=[32m"Full feature table"[39m
        [33maria-labelledby[39m=[32m"full-table-title"[39m
        [33mclass[39m=[32m"table-container "[39m
        [33mid[39m=[32m"full-table"[39m
        [33mrole[39m=[32m"region"[39m
      [36m/>[39m

      --------------------------------------------------
      heading:

      Name "Combined Table":
      [36m<h2[39m
        [33mid[39m=[32m"full-table-title"[39m
      [36m/>[39m

      --------------------------------------------------
      button:

      Name "More information":
      [36m<button[39m
        [33maria-label[39m=[32m"More information"[39m
        [33mclass[39m=[32m"table-info-btn"[39m
        [33mtype[39m=[32m"button"[39m
      [36m/>[39m

      Name "Toggle filters":
      [36m<button[39m
        [33maria-expanded[39m=[32m"false"[39m
        [33maria-label[39m=[32m"Toggle filters"[39m
        [33mclass[39m=[32m"table-filter-btn"[39m
        [33mtype[39m=[32m"button"[39m
      [36m/>[39m

      Name "Download":
      [36m<button[39m
        [33maria-expanded[39m=[32m"false"[39m
        [33maria-haspopup[39m=[32m"listbox"[39m
        [33maria-label[39m=[32m"Download"[39m
        [33mclass[39m=[32m"table-dropdown__trigger"[39m
        [33mtype[39m=[32m"button"[39m
      [36m/>[39m

      Name "Sort by Name":
      [36m<button[39m
        [33maria-label[39m=[32m"Sort by Name"[39m
        [33mclass[39m=[32m"sort-button"[39m
        [33mtype[39m=[32m"button"[39m
      [36m/>[39m

      Name "Sort by Role":
      [36m<button[39m
        [33maria-label[39m=[32m"Sort by Role"[39m
        [33mclass[39m=[32m"sort-button"[39m
        [33mtype[39m=[32m"button"[39m
      [36m/>[39m

      Name "Expand row":
      [36m<button[39m
        [33maria-label[39m=[32m"Expand row"[39m
        [33mclass[39m=[32m"expand-btn"[39m
        [33mtype[39m=[32m"button"[39m
      [36m/>[39m

      Name "Row actions":
      [36m<button[39m
        [33maria-expanded[39m=[32m"false"[39m
        [33maria-haspopup[39m=[32m"true"[39m
        [33maria-label[39m=[32m"Row actions"[39m
        [33mclass[39m=[32m"action-btn"[39m
        [33mtype[39m=[32m"button"[39m
      [36m/>[39m

      Name "Expand row":
      [36m<button[39m
        [33maria-label[39m=[32m"Expand row"[39m
        [33mclass[39m=[32m"expand-btn"[39m
        [33mtype[39m=[32m"button"[39m
      [36m/>[39m

      Name "Row actions":
      [36m<button[39m
        [33maria-expanded[39m=[32m"false"[39m
        [33maria-haspopup[39m=[32m"true"[39m
        [33maria-label[39m=[32m"Row actions"[39m
        [33mclass[39m=[32m"action-btn"[39m
        [33mtype[39m=[32m"button"[39m
      [36m/>[39m

      Name "Expand row":
      [36m<button[39m
        [33maria-label[39m=[32m"Expand row"[39m
        [33mclass[39m=[32m"expand-btn"[39m
        [33mtype[39m=[32m"button"[39m
      [36m/>[39m

      Name "Row actions":
      [36m<button[39m
        [33maria-expanded[39m=[32m"false"[39m
        [33maria-haspopup[39m=[32m"true"[39m
        [33maria-label[39m=[32m"Row actions"[39m
        [33mclass[39m=[32m"action-btn"[39m
        [33mtype[39m=[32m"button"[39m
      [36m/>[39m

      Name "Expand row":
      [36m<button[39m
        [33maria-label[39m=[32m"Expand row"[39m
        [33mclass[39m=[32m"expand-btn"[39m
        [33mtype[39m=[32m"button"[39m
      [36m/>[39m

      Name "Row actions":
      [36m<button[39m
        [33maria-expanded[39m=[32m"false"[39m
        [33maria-haspopup[39m=[32m"true"[39m
        [33maria-label[39m=[32m"Row actions"[39m
        [33mclass[39m=[32m"action-btn"[39m
        [33mtype[39m=[32m"button"[39m
      [36m/>[39m

      Name "Expand row":
      [36m<button[39m
        [33maria-label[39m=[32m"Expand row"[39m
        [33mclass[39m=[32m"expand-btn"[39m
        [33mtype[39m=[32m"button"[39m
      [36m/>[39m

      Name "Row actions":
      [36m<button[39m
        [33maria-expanded[39m=[32m"false"[39m
        [33maria-haspopup[39m=[32m"true"[39m
        [33maria-label[39m=[32m"Row actions"[39m
        [33mclass[39m=[32m"action-btn"[39m
        [33mtype[39m=[32m"button"[39m
      [36m/>[39m

      Name "Page size":
      [36m<button[39m
        [33maria-expanded[39m=[32m"false"[39m
        [33maria-haspopup[39m=[32m"listbox"[39m
        [33maria-label[39m=[32m"Page size"[39m
        [33mclass[39m=[32m"table-dropdown__trigger"[39m
        [33mtype[39m=[32m"button"[39m
      [36m/>[39m

      Name "First page":
      [36m<button[39m
        [33maria-label[39m=[32m"First page"[39m
        [33mdisabled[39m=[32m""[39m
        [33mtype[39m=[32m"button"[39m
      [36m/>[39m

      Name "Previous page":
      [36m<button[39m
        [33maria-label[39m=[32m"Previous page"[39m
        [33mdisabled[39m=[32m""[39m
        [33mtype[39m=[32m"button"[39m
      [36m/>[39m

      Name "Page 1":
      [36m<button[39m
        [33maria-current[39m=[32m"page"[39m
        [33maria-label[39m=[32m"Page 1"[39m
        [33mclass[39m=[32m"active"[39m
        [33mtype[39m=[32m"button"[39m
      [36m/>[39m

      Name "Page 2":
      [36m<button[39m
        [33maria-label[39m=[32m"Page 2"[39m
        [33mclass[39m=[32m""[39m
        [33mtype[39m=[32m"button"[39m
      [36m/>[39m

      Name "Next page":
      [36m<button[39m
        [33maria-label[39m=[32m"Next page"[39m
        [33mtype[39m=[32m"button"[39m
      [36m/>[39m

      Name "Last page":
      [36m<button[39m
        [33maria-label[39m=[32m"Last page"[39m
        [33mtype[39m=[32m"button"[39m
      [36m/>[39m

      --------------------------------------------------
      table:

      Name "Combined Table":
      [36m<table[39m
        [33maria-labelledby[39m=[32m"full-table-title"[39m
      [36m/>[39m

      --------------------------------------------------
      rowgroup:

      Name "":
      [36m<thead />[39m

      Name "":
      [36m<tbody />[39m

      --------------------------------------------------
      row:

      Name "Expand Select all rows Name Email Role Status Note Actions":
      [36m<tr />[39m

      Name "User row":
      [36m<tr[39m
        [33maria-label[39m=[32m"User row"[39m
      [36m/>[39m

      Name "User row":
      [36m<tr[39m
        [33maria-label[39m=[32m"User row"[39m
      [36m/>[39m

      Name "User row":
      [36m<tr[39m
        [33maria-label[39m=[32m"User row"[39m
      [36m/>[39m

      Name "User row":
      [36m<tr[39m
        [33maria-label[39m=[32m"User row"[39m
      [36m/>[39m

      Name "User row":
      [36m<tr[39m
        [33maria-label[39m=[32m"User row"[39m
      [36m/>[39m

      --------------------------------------------------
      columnheader:

      Name "Expand":
      [36m<th[39m
        [33maria-label[39m=[32m"Expand"[39m
        [33mclass[39m=[32m"expand-col"[39m
        [33mscope[39m=[32m"col"[39m
      [36m/>[39m

      Name "Select all rows":
      [36m<th[39m
        [33mclass[39m=[32m"select-col"[39m
        [33mscope[39m=[32m"col"[39m
      [36m/>[39m

      Name "Name":
      [36m<th[39m
        [33maria-sort[39m=[32m"ascending"[39m
        [33mclass[39m=[32m"sortable sorted sorted-asc"[39m
        [33mscope[39m=[32m"col"[39m
      [36m/>[39m

      Name "Email":
      [36m<th[39m
        [33mclass[39m=[32m"lg"[39m
        [33mscope[39m=[32m"col"[39m
      [36m/>[39m

      Name "Role":
      [36m<th[39m
        [33mclass[39m=[32m"sortable"[39m
        [33mscope[39m=[32m"col"[39m
      [36m/>[39m

      Name "Status":
      [36m<th[39m
        [33mclass[39m=[32m""[39m
        [33mscope[39m=[32m"col"[39m
      [36m/>[39m

      Name "Note":
      [36m<th[39m
        [33mclass[39m=[32m"xl"[39m
        [33mscope[39m=[32m"col"[39m
      [36m/>[39m

      Name "Actions":
      [36m<th[39m
        [33maria-label[39m=[32m"Actions"[39m
        [33mclass[39m=[32m"action-col"[39m
        [33mscope[39m=[32m"col"[39m
      [36m/>[39m

      --------------------------------------------------
      checkbox:

      Name "Select all rows":
      [36m<input[39m
        [33maria-label[39m=[32m"Select all rows"[39m
        [33mclass[39m=[32m"select-checkbox"[39m
        [33mtype[39m=[32m"checkbox"[39m
      [36m/>[39m

      Name "Select row 1":
      [36m<input[39m
        [33maria-label[39m=[32m"Select row 1"[39m
        [33mclass[39m=[32m"select-checkbox"[39m
        [33mtype[39m=[32m"checkbox"[39m
      [36m/>[39m

      Name "Select row 2":
      [36m<input[39m
        [33maria-label[39m=[32m"Select row 2"[39m
        [33mclass[39m=[32m"select-checkbox"[39m
        [33mtype[39m=[32m"checkbox"[39m
      [36m/>[39m

      Name "Select row 3":
      [36m<input[39m
        [33maria-label[39m=[32m"Select row 3"[39m
        [33mclass[39m=[32m"select-checkbox"[39m
        [33mdisabled[39m=[32m""[39m
        [33mtype[39m=[32m"checkbox"[39m
      [36m/>[39m

      Name "Select row 4":
      [36m<input[39m
        [33maria-label[39m=[32m"Select row 4"[39m
        [33mclass[39m=[32m"select-checkbox"[39m
        [33mtype[39m=[32m"checkbox"[39m
      [36m/>[39m

      Name "Select row 5":
      [36m<input[39m
        [33maria-label[39m=[32m"Select row 5"[39m
        [33mclass[39m=[32m"select-checkbox"[39m
        [33mtype[39m=[32m"checkbox"[39m
      [36m/>[39m

      --------------------------------------------------
      cell:

      Name "ÔûÂ":
      [36m<td[39m
        [33mclass[39m=[32m"expand-col"[39m
      [36m/>[39m

      Name "Select row 1":
      [36m<td[39m
        [33mclass[39m=[32m"select-col"[39m
      [36m/>[39m

      Name "Alice":
      [36m<td[39m
        [33mclass[39m=[32m""[39m
      [36m/>[39m

      Name "alice@test.com":
      [36m<td[39m
        [33mclass[39m=[32m"lg"[39m
      [36m/>[39m

      Name "Admin":
      [36m<td[39m
        [33mclass[39m=[32m""[39m
      [36m/>[39m

      Name "active":
      [36m<td[39m
        [33mclass[39m=[32m""[39m
      [36m/>[39m

      Name "Lead":
      [36m<td[39m
        [33mclass[39m=[32m"xl"[39m
      [36m/>[39m

      Name "Ôï«":
      [36m<td[39m
        [33mclass[39m=[32m"action-col"[39m
      [36m/>[39m

      Name "ÔûÂ":
      [36m<td[39m
        [33mclass[39m=[32m"expand-col"[39m
      [36m/>[39m

      Name "Select row 2":
      [36m<td[39m
        [33mclass[39m=[32m"select-col"[39m
      [36m/>[39m

      Name "Bob":
      [36m<td[39m
        [33mclass[39m=[32m""[39m
      [36m/>[39m

      Name "bob@test.com":
      [36m<td[39m
        [33mclass[39m=[32m"lg"[39m
      [36m/>[39m

      Name "Editor":
      [36m<td[39m
        [33mclass[39m=[32m""[39m
      [36m/>[39m

      Name "active":
      [36m<td[39m
        [33mclass[39m=[32m""[39m
      [36m/>[39m

      Name "N/A":
      [36m<td[39m
        [33mclass[39m=[32m"xl"[39m
      [36m/>[39m

      Name "Ôï«":
      [36m<td[39m
        [33mclass[39m=[32m"action-col"[39m
      [36m/>[39m

      Name "ÔûÂ":
      [36m<td[39m
        [33mclass[39m=[32m"expand-col"[39m
      [36m/>[39m

      Name "Select row 3":
      [36m<td[39m
        [33mclass[39m=[32m"select-col"[39m
      [36m/>[39m

      Name "Charlie":
      [36m<td[39m
        [33mclass[39m=[32m"variant-disabled"[39m
      [36m/>[39m

      Name "charlie@test.com":
      [36m<td[39m
        [33mclass[39m=[32m"lg variant-disabled"[39m
      [36m/>[39m

      Name "Viewer":
      [36m<td[39m
        [33mclass[39m=[32m"variant-disabled"[39m
      [36m/>[39m

      Name "inactive":
      [36m<td[39m
        [33mclass[39m=[32m"variant-disabled"[39m
      [36m/>[39m

      Name "On leave":
      [36m<td[39m
        [33mclass[39m=[32m"xl variant-disabled"[39m
      [36m/>[39m

      Name "Ôï«":
      [36m<td[39m
        [33mclass[39m=[32m"action-col"[39m
      [36m/>[39m

      Name "ÔûÂ":
      [36m<td[39m
        [33mclass[39m=[32m"expand-col"[39m
      [36m/>[39m

      Name "Select row 4":
      [36m<td[39m
        [33mclass[39m=[32m"select-col"[39m
      [36m/>[39m

      Name "Diana":
      [36m<td[39m
        [33mclass[39m=[32m""[39m
      [36m/>[39m

      Name "diana@test.com":
      [36m<td[39m
        [33mclass[39m=[32m"lg"[39m
      [36m/>[39m

      Name "Editor":
      [36m<td[39m
        [33mclass[39m=[32m""[39m
      [36m/>[39m

      Name "pending":
      [36m<td[39m
        [33mclass[39m=[32m""[39m
      [36m/>[39m

      Name "N/A":
      [36m<td[39m
        [33mclass[39m=[32m"xl"[39m
      [36m/>[39m

      Name "Ôï«":
      [36m<td[39m
        [33mclass[39m=[32m"action-col"[39m
      [36m/>[39m

      Name "ÔûÂ":
      [36m<td[39m
        [33mclass[39m=[32m"expand-col"[39m
      [36m/>[39m

      Name "Select row 5":
      [36m<td[39m
        [33mclass[39m=[32m"select-col"[39m
      [36m/>[39m

      Name "Eve":
      [36m<td[39m
        [33mclass[39m=[32m""[39m
      [36m/>[39m

      Name "eve@test.com":
      [36m<td[39m
        [33mclass[39m=[32m"lg"[39m
      [36m/>[39m

      Name "Viewer":
      [36m<td[39m
        [33mclass[39m=[32m""[39m
      [36m/>[39m

      Name "active":
      [36m<td[39m
        [33mclass[39m=[32m""[39m
      [36m/>[39m

      Name "New hire":
      [36m<td[39m
        [33mclass[39m=[32m"xl"[39m
      [36m/>[39m

      Name "Ôï«":
      [36m<td[39m
        [33mclass[39m=[32m"action-col"[39m
      [36m/>[39m

      --------------------------------------------------
      navigation:

      Name "Table pagination":
      [36m<div[39m
        [33maria-label[39m=[32m"Table pagination"[39m
        [33mclass[39m=[32m"table-pagination"[39m
        [33mrole[39m=[32m"navigation"[39m
      [36m/>[39m

      --------------------------------------------------

    Ignored nodes: comments, script, style
    [36m<body>[39m
      [36m<div>[39m
        [36m<div[39m
          [33maria-label[39m=[32m"Full feature table"[39m
          [33maria-labelledby[39m=[32m"full-table-title"[39m
          [33mclass[39m=[32m"table-container "[39m
          [33mid[39m=[32m"full-table"[39m
          [33mrole[39m=[32m"region"[39m
        [36m>[39m
          [36m<div[39m
            [33mclass[39m=[32m"table-header"[39m
          [36m>[39m
            [36m<div[39m
              [33mclass[39m=[32m"table-header__start"[39m
            [36m>[39m
              [36m<div[39m
                [33mclass[39m=[32m"table-title-row"[39m
              [36m>[39m
                [36m<h2[39m
                  [33mid[39m=[32m"full-table-title"[39m
                [36m>[39m
                  [0mCombined Table[0m
                [36m</h2>[39m
                [36m<button[39m
                  [33maria-label[39m=[32m"More information"[39m
                  [33mclass[39m=[32m"table-info-btn"[39m
                  [33mtype[39m=[32m"button"[39m
                [36m>[39m
                  [36m<svg[39m
                    [33mfill[39m=[32m"currentColor"[39m
                    [33mheight[39m=[32m"1em"[39m
                    [33mstroke[39m=[32m"currentColor"[39m
                    [33mstroke-width[39m=[32m"0"[39m
                    [33mviewBox[39m=[32m"0 0 16 16"[39m
                    [33mwidth[39m=[32m"1em"[39m
                    [33mxmlns[39m=[32m"http://www.w3.org/2000/svg"[39m
                  [36m>[39m
                    [36m<path[39m
                      [33md[39m=[32m"M8 15A7 7 0 1 1 8 1a7 7 0 0 1 0 14zm0 
1A8 8 0 1 0 8 0a8 8 0 0 0 0 16z"[39m
                    [36m/>[39m
                    [36m<path[39m
                      [33md[39m=[32m"m8.93 
6.588-2.29.287-.082.38.45.083c.294.07.352.176.288.469l-.738 
3.468c-.194.897.105 1.319.808 1.319.545 0 1.178-.252 
1.465-.598l.088-.416c-.2.176-.492.246-.686.246-.275 0-.375-.193-.304-.533L8.93 
6.588zM9 4.5a1 1 0 1 1-2 0 1 1 0 0 1 2 0z"[39m
                    [36m/>[39m
                  [36m</svg>[39m
                [36m</button>[39m
              [36m</div>[39m
              [36m<div[39m
                [33mclass[39m=[32m"table-description"[39m
              [36m>[39m
                [0mAll features at once[0m
              [36m</div>[39m
            [36m</div>[39m
            [36m<div[39m
              [33mclass[39m=[32m"table-header__end"[39m
            [36m>[39m
              [36m<button[39m
                [33maria-expanded[39m=[32m"false"[39m
                [33maria-label[39m=[32m"Toggle filters"[39m
                [33mclass[39m=[32m"table-filter-btn"[39m
                [33mtype[39m=[32m"button"[39m
              [36m>[39m
                [36m<svg[39m
                  [33mfill[39m=[32m"currentColor"[39m
                  [33mheight[39m=[32m"1em"[39m
                  [33mstroke[39m=[32m"currentColor"[39m
                  [33mstroke-width[39m=[32m"0"[39m
                  [33mviewBox[39m=[32m"0 0 16 16"[39m
                  [33mwidth[39m=[32m"1em"[39m
                  [33mxmlns[39m=[32m"http://www.w3.org/2000/svg"[39m
                [36m>[39m
                  [36m<path[39m
                    [33md[39m=[32m"M10.5 1a.5.5 0 0 1 .5.5v4a.5.5 0 0 1-1 
0V4H1.5a.5.5 0 0 1 0-1H10V1.5a.5.5 0 0 1 .5-.5ZM12 3.5a.5.5 0 0 1 .5-.5h2a.5.5 
0 0 1 0 1h-2a.5.5 0 0 1-.5-.5Zm-6.5 2A.5.5 0 0 1 6 6v1.5h8.5a.5.5 0 0 1 0 
1H6V10a.5.5 0 0 1-1 0V6a.5.5 0 0 1 .5-.5ZM1 8a.5.5 0 0 1 .5-.5h2a.5.5 0 0 1 0 
1h-2A.5.5 0 0 1 1 8Zm9.5 2a.5.5 0 0 1 .5.5v4a.5.5 0 0 1-1 0V13H1.5a.5.5 0 0 1 
0-1H10v-1.5a.5.5 0 0 1 .5-.5Zm1.5 2.5a.5.5 0 0 1 .5-.5h2a.5.5 0 0 1 0 
1h-2a.5.5 0 0 1-.5-.5Z"[39m
                    [33mfill-rule[39m=[32m"evenodd"[39m
                  [36m/>[39m
                [36m</svg>[39m
              [36m</button>[39m
              [36m<div[39m
                [33mclass[39m=[32m"table-dropdown table-dropdown--up 
table-dropdown--ghost"[39m
              [36m>[39m
                [36m<button[39m
                  [33maria-expanded[39m=[32m"false"[39m
                  [33maria-haspopup[39m=[32m"listbox"[39m
                  [33maria-label[39m=[32m"Download"[39m
                  [33mclass[39m=[32m"table-dropdown__trigger"[39m
                  [33mtype[39m=[32m"button"[39m
                [36m>[39m
                  [36m<svg[39m
                    [33maria-hidden[39m=[32m"true"[39m
                    [33mfill[39m=[32m"currentColor"[39m
                    [33mheight[39m=[32m"1em"[39m
                    [33mstroke[39m=[32m"currentColor"[39m
                    [33mstroke-width[39m=[32m"0"[39m
                    [33mviewBox[39m=[32m"0 0 16 16"[39m
                    [33mwidth[39m=[32m"1em"[39m
                    [33mxmlns[39m=[32m"http://www.w3.org/2000/svg"[39m
                  [36m>[39m
                    [36m<path[39m
                      [33md[39m=[32m"M.5 9.9a.5.5 0 0 1 .5.5v2.5a1 1 0 0 0 
1 1h12a1 1 0 0 0 1-1v-2.5a.5.5 0 0 1 1 0v2.5a2 2 0 0 1-2 2H2a2 2 0 0 
1-2-2v-2.5a.5.5 0 0 1 .5-.5z"[39m
                    [36m/>[39m
                    [36m<path[39m
                      [33md[39m=[32m"M7.646 11.854a.5.5 0 0 0 .708 
0l3-3a.5.5 0 0 0-.708-.708L8.5 10.293V1.5a.5.5 0 0 0-1 0v8.793L5.354 
8.146a.5.5 0 1 0-.708.708l3 3z"[39m
                    [36m/>[39m
                  [36m</svg>[39m
                  [36m<span[39m
                    [33maria-hidden[39m=[32m"true"[39m
                    [33mclass[39m=[32m"table-dropdown__arrow"[39m
                  [36m/>[39m
                [36m</button>[39m
              [36m</div>[39m
            [36m</div>[39m
          [36m</div>[39m
          [36m<div[39m
            [33mclass[39m=[32m"table-legend"[39m
          [36m>[39m
            [36m<span>[39m
              [0mLegend[0m
            [36m</span>[39m
          [36m</div>[39m
          [36m<table[39m
            [33maria-labelledby[39m=[32m"full-table-title"[39m
          [36m>[39m
            [36m<thead>[39m
              [36m<tr>[39m
                [36m<th[39m
                  [33maria-label[39m=[32m"Expand"[39m
                  [33mclass[39m=[32m"expand-col"[39m
                  [33mscope[39m=[32m"col"[39m
                [36m/>[39m
                [36m<th[39m
                  [33mclass[39m=[32m"select-col"[39m
                  [33mscope[39m=[32m"col"[39m
                [36m>[39m
                  [36m<input[39m
                    [33maria-label[39m=[32m"Select all rows"[39m
                    [33mclass[39m=[32m"select-checkbox"[39m
                    [33mtype[39m=[32m"checkbox"[39m
                  [36m/>[39m
                [36m</th>[39m
                [36m<th[39m
                  [33maria-sort[39m=[32m"ascending"[39m
                  [33mclass[39m=[32m"sortable sorted sorted-asc"[39m
                  [33mscope[39m=[32m"col"[39m
                [36m>[39m
                  [36m<button[39m
                    [33maria-label[39m=[32m"Sort by Name"[39m
                    [33mclass[39m=[32m"sort-button"[39m
                    [33mtype[39m=[32m"button"[39m
                  [36m>[39m
                    [0mName[0m
                    [36m<span[39m
                      [33maria-hidden[39m=[32m"true"[39m
      ...
[2m[22m
[2m    [0m [90m 2894 |[39m         )[22m
[2m     [90m 2895 |[39m         [90m// Region & title[39m[22m
[2m    [31m[1m>[22m[2m[39m[90m 2896 |[39m         
expect(screen[33m.[39mgetByRole([32m'region'[39m[33m,[39m { 
name[33m:[39m [32m'Full feature table'[39m 
}))[33m.[39mtoBeInTheDocument()[22m
[2m     [90m      |[39m                       [31m[1m^[22m[2m[39m[22m
[2m     [90m 2897 |[39m         
expect(screen[33m.[39mgetByRole([32m'heading'[39m[33m,[39m { 
name[33m:[39m [32m'Combined Table'[39m 
}))[33m.[39mtoBeInTheDocument()[22m
[2m     [90m 2898 |[39m         expect(screen[33m.[39mgetByText([32m'All 
features at once'[39m))[33m.[39mtoBeInTheDocument()[22m
[2m     [90m 2899 |[39m         expect(screen[33m.[39mgetByText([32m'Lege
nd'[39m))[33m.[39mtoBeInTheDocument()[0m[22m
[2m[22m
[2m      [2mat Object.getElementError ([22m[2mnode_modules/@testing-library
/dom/dist/config.js[2m:37:19)[22m[2m[22m
[2m      [2mat [22m[2mnode_modules/@testing-library/dom/dist/query-helpers.
js[2m:76:38[22m[2m[22m
[2m      [2mat [22m[2mnode_modules/@testing-library/dom/dist/query-helpers.
js[2m:52:17[22m[2m[22m
[2m      [2mat [22m[2mnode_modules/@testing-library/dom/dist/query-helpers.
js[2m:95:19[22m[2m[22m
[2m      [2mat Object.<anonymous> ([22m[2m[0m[36mcommon/ux/Table/tests/Ta
bles.spec.tsx[39m[0m[2m:2896:23)[22m[2m[22m

[1m[31m  [1mÔùÅ [22m[1mTable ÔÇö Combined Features ÔÇ║ expanded row shows 
hidden column with defaultValue when value is empty[39m[22m

    TestingLibraryElementError: Unable to find an accessible element with the 
role "button" and name "Expand row"

    Here are the accessible roles:

      region:

      Name "test":
      [36m<div[39m
        [33maria-label[39m=[32m"test"[39m
        [33mclass[39m=[32m"table-container "[39m
        [33mrole[39m=[32m"region"[39m
      [36m/>[39m

      --------------------------------------------------
      table:

      Name "":
      [36m<table />[39m

      --------------------------------------------------
      rowgroup:

      Name "":
      [36m<thead />[39m

      Name "":
      [36m<tbody />[39m

      --------------------------------------------------
      row:

      Name "Name Note":
      [36m<tr />[39m

      Name "Bob N/A":
      [36m<tr />[39m

      --------------------------------------------------
      columnheader:

      Name "Name":
      [36m<th[39m
        [33mclass[39m=[32m""[39m
        [33mscope[39m=[32m"col"[39m
      [36m/>[39m

      Name "Note":
      [36m<th[39m
        [33mclass[39m=[32m"xxs"[39m
        [33mscope[39m=[32m"col"[39m
      [36m/>[39m

      --------------------------------------------------
      cell:

      Name "Bob":
      [36m<td[39m
        [33mclass[39m=[32m""[39m
      [36m/>[39m

      Name "N/A":
      [36m<td[39m
        [33mclass[39m=[32m"xxs"[39m
      [36m/>[39m

      --------------------------------------------------

    Ignored nodes: comments, script, style
    [36m<body>[39m
      [36m<div>[39m
        [36m<div[39m
          [33maria-label[39m=[32m"test"[39m
          [33mclass[39m=[32m"table-container "[39m
          [33mrole[39m=[32m"region"[39m
        [36m>[39m
          [36m<table>[39m
            [36m<thead>[39m
              [36m<tr>[39m
                [36m<th[39m
                  [33mclass[39m=[32m""[39m
                  [33mscope[39m=[32m"col"[39m
                [36m>[39m
                  [0mName[0m
                [36m</th>[39m
                [36m<th[39m
                  [33mclass[39m=[32m"xxs"[39m
                  [33mscope[39m=[32m"col"[39m
                [36m>[39m
                  [0mNote[0m
                [36m</th>[39m
              [36m</tr>[39m
            [36m</thead>[39m
            [36m<tbody>[39m
              [36m<tr>[39m
                [36m<td[39m
                  [33mclass[39m=[32m""[39m
                [36m>[39m
                  [0mBob[0m
                [36m</td>[39m
                [36m<td[39m
                  [33mclass[39m=[32m"xxs"[39m
                [36m>[39m
                  [0mN/A[0m
                [36m</td>[39m
              [36m</tr>[39m
            [36m</tbody>[39m
          [36m</table>[39m
        [36m</div>[39m
      [36m</div>[39m
    [36m</body>[39m
[2m[22m
[2m    [0m [90m 3041 |[39m             
[33m/[39m[33m>[39m[33m,[39m[22m
[2m     [90m 3042 |[39m         )[22m
[2m    [31m[1m>[22m[2m[39m[90m 3043 |[39m         [36mawait[39m 
user[33m.[39mclick(screen[33m.[39mgetByRole([32m'button'[39m[33m,[39m 
{ name[33m:[39m [32m'Expand row'[39m }))[22m
[2m     [90m      |[39m                                 
[31m[1m^[22m[2m[39m[22m
[2m     [90m 3044 |[39m         [36mconst[39m expandedRow [33m=[39m 
screen[33m.[39mgetByRole([32m'row'[39m[33m,[39m { name[33m:[39m 
[32m'Expanded details for row 1'[39m })[22m
[2m     [90m 3045 |[39m         expect(within(expandedRow)[33m.[39mgetByTe
xt([32m'N/A'[39m))[33m.[39mtoBeInTheDocument()[22m
[2m     [90m 3046 |[39m     })[0m[22m
[2m[22m
[2m      [2mat Object.getElementError ([22m[2mnode_modules/@testing-library
/dom/dist/config.js[2m:37:19)[22m[2m[22m
[2m      [2mat [22m[2mnode_modules/@testing-library/dom/dist/query-helpers.
js[2m:76:38[22m[2m[22m
[2m      [2mat [22m[2mnode_modules/@testing-library/dom/dist/query-helpers.
js[2m:52:17[22m[2m[22m
[2m      [2mat [22m[2mnode_modules/@testing-library/dom/dist/query-helpers.
js[2m:95:19[22m[2m[22m
[2m      [2mat Object.<anonymous> ([22m[2m[0m[36mcommon/ux/Table/tests/Ta
bles.spec.tsx[39m[0m[2m:3043:33)[22m[2m[22m

[1m[31m  [1mÔùÅ [22m[1mTable ÔÇö Combined Features ÔÇ║ combined: sorting 
headers + selection header + expand + action column all render 
correctly[39m[22m

    [2mexpect([22m[31mreceived[39m[2m).[22mtoHaveLength[2m([22m[32mexp
ected[39m[2m)[22m

    Expected length: [32m6[39m
    Received length: [31m5[39m
    Received array:  [31m[<th class="select-col" scope="col"><input 
aria-label="Select all rows" class="select-checkbox" type="checkbox" /></th>, 
<th aria-sort="ascending" class="sortable sorted sorted-asc" 
scope="col"><button aria-label="Sort by Name" class="sort-button" 
type="button">Name<span aria-hidden="true" class="sort-icon" /></button></th>, 
<th class="xxs" scope="col">Email</th>, <th class="" scope="col">Status</th>, 
<th aria-label="Actions" class="action-col" scope="col" />][39m
[2m[22m
[2m    [0m [90m 3149 |[39m         [36mconst[39m headers [33m=[39m 
screen[33m.[39mgetAllByRole([32m'columnheader'[39m)[22m
[2m     [90m 3150 |[39m         [90m// Expand + Select + Name (sortable) + 
Email + Status + Actions = 6[39m[22m
[2m    [31m[1m>[22m[2m[39m[90m 3151 |[39m         
expect(headers)[33m.[39mtoHaveLength([35m6[39m)[22m
[2m     [90m      |[39m                         
[31m[1m^[22m[2m[39m[22m
[2m     [90m 3152 |[39m         expect(headers[[35m0[39m])[33m.[39mtoHav
eAttribute([32m'aria-label'[39m[33m,[39m [32m'Expand'[39m)[22m
[2m     [90m 3153 |[39m         expect(headers[headers[33m.[39mlength 
[33m-[39m 
[35m1[39m])[33m.[39mtoHaveAttribute([32m'aria-label'[39m[33m,[39m 
[32m'Actions'[39m)[22m
[2m     [90m 3154 |[39m     })[0m[22m
[2m[22m
[2m      [2mat Object.<anonymous> ([22m[2m[0m[36mcommon/ux/Table/tests/Ta
bles.spec.tsx[39m[0m[2m:3151:25)[22m[2m[22m

[1mTest Suites: [22m[1m[31m1 failed[39m[22m, 1 total
[1mTests:       [22m[1m[31m13 failed[39m[22m, [1m[32m171 
passed[39m[22m, 184 total
[1mSnapshots:   [22m0 total
[1mTime:[22m        16.028 s
[2mRan all test suites[22m[2m matching 
[22m/Table\\tests\\Tables/i[2m.[22m
[1mForce exiting Jest: [22mHave you considered using `--detectOpenHandles` 
to detect async operations that kept running after all tests finished?
